
Analysis Description
--------------------
aBSREL (Adaptive branch-site random effects likelihood) uses an adaptive
random effects branch-site model framework to test whether each branch
has evolved under positive selection, using a procedure which infers an
optimal number of rate categories per branch. v2.2 adds support for
multiple-hit models. v2.3 adds support for SRV. v2.5 adds support for
ancestral state reconstruction, identification of sites contributing to
selection signal, and some diagnostics. v2.6 adds tree reports and ASCII
art

- __Requirements__: in-frame codon alignment and a phylogenetic tree

- __Citation__:  Less Is More: An Adaptive Branch-Site Random Effects Model for
Efficient Detection of Episodic Diversifying Selection (2015). Mol Biol
Evol 32 (5): 1342-1353. 

- __Written by__: Sergei L Kosakovsky Pond, Ben Murrell, Steven Weaver and Temple iGEM /
UCSD viral evolution group

- __Contact Information__: spond@temple.edu

- __Analysis Version__: 2.6

[Advanced option] Bag of little bootstrap alignment resampling rate (permissible range = [0.01,1], default value = 1): blb: 1

>code => Universal

-------
>[WARNING]
'/Users/agl4001/Documents/hantavirus_selection_analysis/results/ANDV_trees_aln-hyphy/inputs/L.hyphy_ready.fasta'
contains 24 duplicate sequences. Identical sequences do not contribute
any information to the analysis and only slow down computation. Please
consider removing duplicate or 'nearly' duplicate sequences, e.g. using
https://github.com/veg/hyphy-analyses/tree/master/remove-duplicates
prior to running selection analyses
-------
/Users/agl4001/Documents/hantavirus_selection_analysis/results/ANDV_trees_aln-hyphy/inputs/L_ANDVall.hyphy_ready.treefile
results/ANDV_trees_aln-hyphy/inputs/L_ANDVall.hyphy_ready.treefile

>Loaded a multiple sequence alignment with **69** sequences, **2153** codons, and **1** partitions from `/Users/agl4001/Documents/hantavirus_selection_analysis/results/ANDV_trees_aln-hyphy/inputs/L.hyphy_ready.fasta`

>branches => Foreground

>multiple-hits => None

>srv => No


### * Selected 103 branches for testing: `AH011553_2, MT956621_1, NC_003468_2, AF291704_5, Node39, Node37, MN850096_1, PV796318_1, PV808469_1, Node47, MN258158_1, MN258159_1, Node51, PP_006WBLH_2, PP_006XDHK_5, PP_006XDJH_5, Node56, Node54, Node50, Node46, PV808472_1, MT956620_1, Node60, MN258157_1, MN258160_1, AF324900_1, Node66, OR405523_1, KY659431_1, Node69, Node65, Node63, Node59, Node45, MN850093_1, MN850094_1, MN850095_1, Node75, Node73, MN258156_1, MN850097_1, Node79, MN258161_1, MN258162_1, MN258165_1, MN258170_1, Node87, MN258163_1, MN258185_1, MN258183_1, MN258174_1, Node95, Node93, Node91, MN258177_1, MN258182_1, MN258169_1, MN258175_1, MN258181_1, MN258178_1, MN258180_1, MN258172_1, MN258188_1, MN258184_1, MN258167_1, MN258168_1, MN258187_1, MN258176_1, MN258166_1, MN258171_1, MN258173_1, MN258186_1, MN258164_1, MN258179_1, Node134, Node132, Node130, Node128, Node126, Node124, Node122, Node120, Node118, Node116, Node114, Node112, Node110, Node108, Node106, Node104, Node102, Node100, Node98, Node90, Node86, Node84, Node82, Node78, Node72, Node44, Node42, Node36, Node34`


### Obtaining branch lengths and nucleotide substitution biases under the nucleotide GTR model

>kill-zero-lengths => Yes

### Deleted 29 zero-length internal branches: `Node100, Node102, Node104, Node106, Node108, Node110, Node112, Node114, Node116, Node118, Node120, Node122, Node124, Node126, Node128, Node130, Node132, Node134, Node20, Node26, Node36, Node39, Node86, Node87, Node90, Node91, Node93, Node95, Node98`
* Log(L) = -45340.36, AIC-c = 90966.80 (143 estimated parameters)
* 1 partition. Total tree length by partition (subs/site)  1.462

### Fitting the baseline model with a single dN/dS class per branch, and no site-to-site variation. 
* Log(L) = -35811.56, AIC-c = 72075.81 (226 estimated parameters)
* Branch-level non-synonymous/synonymous rate ratio distribution has median  0.02, and 95% of the weight in  0.00 -  0.00

### Determining the optimal number of rate classes per branch using a step up procedure

|              Branch               |  Length  |  Rates   |     Max. dN/dS     |    Log(L)     |     AIC-c     |Best AIC-c so far|
|-----------------------------------|----------|----------|--------------------|---------------|---------------|-----------------|
|            PP058738_1             |1100.96...|    2     |    0.20 ( 2.68%)   |   -35786.41   |   72029.53    |    72029.53     |
|            PP058738_1             |1100.96...|    3     |    0.20 ( 1.37%)   |   -35786.33   |   72033.37    |    72029.53     |
|            NC_077671_1            |  90.91   |    2     |    0.22 ( 6.26%)   |   -35672.48   |   71805.68    |    71805.68     |
|            NC_077671_1            |  90.91   |    3     |   38.08 ( 5.33%)   |   -35669.71   |   71804.15    |    71804.15     |
|            NC_077671_1            |  90.91   |    4     |   10.42 ( 5.32%)   |   -35669.71   |   71808.15    |    71804.15     |
|               Node4               |   2.34   |    2     |    0.32 ( 1.84%)   |   -35647.96   |   71764.66    |    71764.66     |
|               Node4               |   2.34   |    3     |    0.32 ( 0.08%)   |   -35647.96   |   71768.67    |    71764.66     |
|            PP058739_1             |   0.43   |    2     |    0.14 (11.11%)   |   -35638.91   |   71750.57    |    71750.57     |
|            PP058739_1             |   0.43   |    3     |    4.85 ( 0.31%)   |   -35636.90   |   71750.56    |    71750.56     |
|            PP058739_1             |   0.43   |    4     |    4.75 ( 0.31%)   |   -35636.90   |   71754.58    |    71750.56     |
|              Node34               |   0.42   |    2     |    0.34 ( 4.40%)   |   -35623.08   |   71726.93    |    71726.93     |
|              Node34               |   0.42   |    3     |    5.32 ( 0.78%)   |   -35619.96   |   71724.71    |    71724.71     |
|              Node34               |   0.42   |    4     |   >1000 ( 0.76%)   |   -35619.97   |   71728.74    |    71724.71     |
|              Node17               |   0.25   |    2     |    0.01 (88.21%)   |   -35619.94   |   71728.69    |    71724.71     |
|            OQ092243_1             |   0.21   |    2     |    0.27 ( 6.02%)   |   -35612.78   |   71714.37    |    71714.37     |
|            OQ092243_1             |   0.21   |    3     |    0.30 ( 0.05%)   |   -35612.78   |   71718.38    |    71714.37     |
|               Node8               |   0.18   |    2     |    0.01 ( 4.45%)   |   -35612.78   |   71718.37    |    71714.37     |
|               Node7               |   0.14   |    2     |    0.73 ( 1.84%)   |   -35606.48   |   71705.77    |    71705.77     |
|               Node7               |   0.14   |    3     |  167.09 ( 0.05%)   |   -35606.42   |   71709.67    |    71705.77     |
|               Node5               |   0.07   |    2     |    1.96 ( 2.27%)   |   -35604.69   |   71706.21    |    71705.77     |
|            AH011553_2             |   0.06   |    2     |   >1000 ( 8.42%)   |   -35592.13   |   71681.10    |    71681.10     |
|            AH011553_2             |   0.06   |    3     |   >1000 ( 8.34%)   |   -35592.13   |   71685.11    |    71681.10     |
|              Node12               |   0.06   |    2     |    0.01 (10.74%)   |   -35592.13   |   71685.12    |    71681.10     |
|               Node9               |   0.06   |    2     |    0.01 (65.99%)   |   -35592.13   |   71685.11    |    71681.10     |
|            MN850096_1             |   0.03   |    2     |    0.01 (14.15%)   |   -35592.13   |   71685.11    |    71681.10     |
|            PP151172_1             |   0.03   |    2     |    0.02 (18.49%)   |   -35592.13   |   71685.12    |    71681.10     |
|              Node72               |   0.02   |    2     |    0.02 (33.63%)   |   -35592.13   |   71685.11    |    71681.10     |
|              Node42               |   0.02   |    2     |    0.04 (18.45%)   |   -35592.12   |   71685.08    |    71681.10     |
|            PP058737_1             |   0.02   |    2     |    0.05 (41.12%)   |   -35592.14   |   71685.12    |    71681.10     |
|              Node37               |   0.02   |    2     |    0.09 (18.04%)   |   -35592.13   |   71685.11    |    71681.10     |
|              Node47               |   0.02   |    2     |    0.50 ( 1.71%)   |   -35592.15   |   71685.14    |    71681.10     |
|            MN258157_1             |   0.01   |    2     |    0.02 (84.50%)   |   -35592.13   |   71685.11    |    71681.10     |
|              Node15               |   0.01   |    2     |    0.03 (97.47%)   |   -35592.13   |   71685.11    |    71681.10     |
|              Node69               |   0.01   |    2     |    0.26 ( 2.00%)   |   -35592.13   |   71685.11    |    71681.10     |
|              Node60               |   0.01   |    2     |    0.25 ( 0.00%)   |   -35592.13   |   71685.11    |    71681.10     |
|            PP003836_1             |   0.01   |    2     |    0.09 (25.07%)   |   -35592.14   |   71685.12    |    71681.10     |
|            PP003837_1             |   0.01   |    2     |    0.05 (25.83%)   |   -35592.13   |   71685.11    |    71681.10     |
|              Node66               |   0.01   |    2     |    0.24 ( 8.98%)   |   -35592.15   |   71685.15    |    71681.10     |
|              Node44               |   0.01   |    2     |    0.08 (17.24%)   |   -35592.13   |   71685.11    |    71681.10     |
|              Node45               |   0.01   |    2     |    0.25 ( 9.77%)   |   -35592.15   |   71685.15    |    71681.10     |
|              Node46               |   0.01   |    2     |    0.26 ( 0.00%)   |   -35592.13   |   71685.11    |    71681.10     |
|              Node54               |   0.01   |    2     |    0.25 ( 0.00%)   |   -35592.13   |   71685.11    |    71681.10     |
|            PP151171_1             |   0.01   |    2     |    0.07 (47.24%)   |   -35592.14   |   71685.12    |    71681.10     |
|              Node59               |   0.01   |    2     |    0.49 ( 1.91%)   |   -35592.14   |   71685.13    |    71681.10     |
|              Node50               |   0.01   |    2     |    0.50 ( 2.00%)   |   -35592.14   |   71685.12    |    71681.10     |
|            MN850097_1             |   0.01   |    2     |    0.17 (18.51%)   |   -35592.14   |   71685.12    |    71681.10     |
|              Node73               |   0.01   |    2     |    0.24 ( 9.48%)   |   -35592.14   |   71685.12    |    71681.10     |
|              Node31               |   0.01   |    2     |    1.98 ( 1.88%)   |   -35592.12   |   71685.08    |    71681.10     |
|              Node51               |   0.01   |    2     |    0.25 ( 9.94%)   |   -35592.14   |   71685.12    |    71681.10     |
|            MN258160_1             |   0.00   |    2     |    0.23 ( 9.63%)   |   -35592.14   |   71685.12    |    71681.10     |
|            MN258161_1             |   0.00   |    2     |    0.75 ( 5.18%)   |   -35592.14   |   71685.13    |    71681.10     |
|            KY659431_1             |   0.00   |    2     |    0.70 (24.10%)   |   -35592.14   |   71685.13    |    71681.10     |
|              Node84               |   0.00   |    2     |    0.24 ( 0.00%)   |   -35592.13   |   71685.11    |    71681.10     |
|              Node65               |   0.00   |    2     |    0.26 ( 0.00%)   |   -35592.13   |   71685.11    |    71681.10     |
|              Node29               |   0.00   |    2     |    0.51 (10.14%)   |   -35592.14   |   71685.12    |    71681.10     |
|              Node82               |   0.00   |    2     |    0.25 (10.00%)   |   -35592.13   |   71685.11    |    71681.10     |
|            MN258156_1             |   0.00   |    2     |    0.27 (10.24%)   |   -35592.13   |   71685.11    |    71681.10     |
|            AF324900_1             |   0.00   |    2     |    0.25 ( 0.00%)   |   -35592.13   |   71685.11    |    71681.10     |
|              Node24               |   0.00   |    2     |    0.27 ( 0.00%)   |   -35592.13   |   71685.11    |    71681.10     |
|              Node23               |   0.00   |    2     |    0.27 ( 0.00%)   |   -35592.13   |   71685.11    |    71681.10     |
|              Node78               |   0.00   |    2     |    0.25 ( 0.00%)   |   -35592.13   |   71685.11    |    71681.10     |
|              Node63               |   0.00   |    2     |    0.26 ( 0.00%)   |   -35592.13   |   71685.11    |    71681.10     |
|            PP504849_1             |   0.00   |    2     |    0.26 ( 0.00%)   |   -35592.13   |   71685.11    |    71681.10     |
|            PP151167_1             |   0.00   |    2     |    0.27 ( 0.00%)   |   -35592.13   |   71685.11    |    71681.10     |
|            OR405523_1             |   0.00   |    2     |    0.50 (49.88%)   |   -35592.13   |   71685.11    |    71681.10     |
|              Node79               |   0.00   |    2     |    0.26 ( 0.00%)   |   -35592.13   |   71685.11    |    71681.10     |
|              Node19               |   0.00   |    2     |    0.26 ( 0.00%)   |   -35592.13   |   71685.11    |    71681.10     |
|              Node75               |   0.00   |    2     |    0.26 ( 0.00%)   |   -35592.13   |   71685.11    |    71681.10     |
|            MT956621_1             |   0.00   |    2     |  >1000 (100.00%)   |   -35592.13   |   71685.11    |    71681.10     |
|              Node56               |   0.00   |    2     |    0.26 ( 0.00%)   |   -35592.13   |   71685.11    |    71681.10     |
|            MN258185_1             |   0.00   |    2     |    0.26 ( 0.00%)   |   -35592.13   |   71685.11    |    71681.10     |
|            MN258183_1             |   0.00   |    2     |    0.26 ( 0.00%)   |   -35592.13   |   71685.11    |    71681.10     |
|            MN258174_1             |   0.00   |    2     |    0.26 ( 0.00%)   |   -35592.13   |   71685.11    |    71681.10     |
|            PP151168_1             |   0.00   |    2     |  >1000 (100.00%)   |   -35592.13   |   71685.11    |    71681.10     |
|            AF291704_5             |   0.00   |    2     |    0.25 ( 2.00%)   |   -35592.13   |   71685.11    |    71681.10     |
|            MN258165_1             |   0.00   |    2     |    0.25 ( 2.00%)   |   -35592.13   |   71685.11    |    71681.10     |
|            MN258164_1             |   0.00   |    2     |    0.25 ( 2.00%)   |   -35592.13   |   71685.11    |    71681.10     |
|            MN258159_1             |   0.00   |    2     |    0.25 ( 2.00%)   |   -35592.13   |   71685.11    |    71681.10     |
|            MN258163_1             |   0.00   |    2     |    0.25 ( 2.00%)   |   -35592.13   |   71685.11    |    71681.10     |
|            NC_003468_2            |   0.00   |    2     |    0.25 ( 2.00%)   |   -35592.13   |   71685.11    |    71681.10     |
|            MN258158_1             |   0.00   |    2     |    0.25 ( 2.00%)   |   -35592.13   |   71685.11    |    71681.10     |
|            MN258162_1             |   0.00   |    2     |    0.25 ( 2.00%)   |   -35592.13   |   71685.11    |    71681.10     |
|            MN258182_1             |   0.00   |    2     |    0.25 ( 2.00%)   |   -35592.13   |   71685.11    |    71681.10     |
|            MN258176_1             |   0.00   |    2     |    0.25 ( 2.00%)   |   -35592.13   |   71685.11    |    71681.10     |
|            MN258180_1             |   0.00   |    2     |    0.25 ( 2.00%)   |   -35592.13   |   71685.11    |    71681.10     |
|            MN258181_1             |   0.00   |    2     |    0.25 ( 2.00%)   |   -35592.13   |   71685.11    |    71681.10     |
|            MN258177_1             |   0.00   |    2     |    0.25 ( 2.00%)   |   -35592.13   |   71685.11    |    71681.10     |
|            MN258173_1             |   0.00   |    2     |    0.25 ( 2.00%)   |   -35592.13   |   71685.11    |    71681.10     |
|            MN258178_1             |   0.00   |    2     |    0.25 ( 2.00%)   |   -35592.13   |   71685.11    |    71681.10     |
|            PP151166_1             |   0.00   |    2     |    0.25 ( 2.00%)   |   -35592.13   |   71685.11    |    71681.10     |
|            MN258175_1             |   0.00   |    2     |    0.25 ( 2.00%)   |   -35592.13   |   71685.11    |    71681.10     |
|            MN258179_1             |   0.00   |    2     |    0.25 ( 2.00%)   |   -35592.13   |   71685.11    |    71681.10     |
|            OP555736_1             |   0.00   |    2     |    0.25 ( 2.00%)   |   -35592.13   |   71685.11    |    71681.10     |
|            MN258168_1             |   0.00   |    2     |    0.25 ( 2.00%)   |   -35592.13   |   71685.11    |    71681.10     |
|            PP151165_1             |   0.00   |    2     |    0.25 ( 2.00%)   |   -35592.13   |   71685.11    |    71681.10     |
|            MN258167_1             |   0.00   |    2     |    0.25 ( 2.00%)   |   -35592.13   |   71685.11    |    71681.10     |
|            MN258169_1             |   0.00   |    2     |    0.25 ( 2.00%)   |   -35592.13   |   71685.11    |    71681.10     |
|            MN850093_1             |   0.00   |    2     |    0.25 ( 2.00%)   |   -35592.13   |   71685.11    |    71681.10     |
|            MN258166_1             |   0.00   |    2     |    0.25 ( 2.00%)   |   -35592.13   |   71685.11    |    71681.10     |
|            MN258188_1             |   0.00   |    2     |    0.25 ( 2.00%)   |   -35592.13   |   71685.11    |    71681.10     |
|            MN258172_1             |   0.00   |    2     |    0.25 ( 2.00%)   |   -35592.13   |   71685.11    |    71681.10     |
|            MN258184_1             |   0.00   |    2     |    0.25 ( 2.00%)   |   -35592.13   |   71685.11    |    71681.10     |
|            MN258187_1             |   0.00   |    2     |    0.25 ( 2.00%)   |   -35592.13   |   71685.11    |    71681.10     |
|           PP_006XDHK_5            |   0.00   |    2     |    0.25 ( 2.00%)   |   -35592.13   |   71685.11    |    71681.10     |
|            MN258186_1             |   0.00   |    2     |    0.25 ( 2.00%)   |   -35592.13   |   71685.11    |    71681.10     |
|           PP_006XDJH_5            |   0.00   |    2     |    0.25 ( 2.00%)   |   -35592.13   |   71685.11    |    71681.10     |
|            MT956620_1             |   0.00   |    2     |    0.25 ( 2.00%)   |   -35592.13   |   71685.11    |    71681.10     |
|            PV808469_1             |   0.00   |    2     |    0.25 ( 2.00%)   |   -35592.13   |   71685.11    |    71681.10     |
|            PV796318_1             |   0.00   |    2     |    0.25 ( 2.00%)   |   -35592.13   |   71685.11    |    71681.10     |
|            PV808472_1             |   0.00   |    2     |    0.25 ( 2.00%)   |   -35592.13   |   71685.11    |    71681.10     |
|           PP_006WBLH_2            |   0.00   |    2     |    0.25 ( 2.00%)   |   -35592.13   |   71685.11    |    71681.10     |
|            PP151169_1             |   0.00   |    2     |    0.25 ( 2.00%)   |   -35592.13   |   71685.11    |    71681.10     |
|            PP151170_1             |   0.00   |    2     |    0.25 ( 2.00%)   |   -35592.13   |   71685.11    |    71681.10     |
|            MN850095_1             |   0.00   |    2     |    0.25 ( 2.00%)   |   -35592.13   |   71685.11    |    71681.10     |
|            MN258171_1             |   0.00   |    2     |    0.25 ( 2.00%)   |   -35592.13   |   71685.11    |    71681.10     |
|            MN850094_1             |   0.00   |    2     |    0.25 ( 2.00%)   |   -35592.13   |   71685.11    |    71681.10     |
|            MN258170_1             |   0.00   |    2     |    0.25 ( 2.00%)   |   -35592.13   |   71685.11    |    71681.10     |

### Rate class analyses summary
*  5 branches with **2** rate classes
*  3 branches with **3** rate classes
*  98 branches with **1** rate classes

### Annotated Tree
(PP058738_1{2},((PP058739_1{3},(((PP003836_1{1},PP003837_1{1})Node9{1},(PP151172_1{1},PP058737_1{1})Node12{1})Node8{1},(OQ092243_1{2},(PP151169_1{1},(((PP151166_1{1},PP504849_1{1},PP151167_1{1})Node24{1},(PP151171_1{1},(PP151165_1{1},OP555736_1{1})Node31{1})Node29{1})Node23{1},PP151168_1{1},PP151170_1{1})Node19{1})Node17{1})Node15{1})Node7{2})Node5{1},(AH011553_2{2},(MT956621_1{1},NC_003468_2{1},AF291704_5{1})Node37{1},(MN850096_1{1},((((PV796318_1{1},PV808469_1{1})Node47{1},((MN258158_1{1},MN258159_1{1})Node51{1},(PP_006WBLH_2{1},(PP_006XDHK_5{1},PP_006XDJH_5{1})Node56{1})Node54{1})Node50{1})Node46{1},((PV808472_1{1},MT956620_1{1})Node60{1},(MN258157_1{1},((MN258160_1{1},AF324900_1{1})Node66{1},(OR405523_1{1},KY659431_1{1})Node69{1})Node65{1})Node63{1})Node59{1})Node45{1},((MN850093_1{1},(MN850094_1{1},MN850095_1{1})Node75{1})Node73{1},((MN258156_1{1},MN850097_1{1})Node79{1},(MN258161_1{1},(MN258162_1{1},MN258165_1{1},MN258170_1{1},MN258163_1{1},MN258185_1{1},MN258183_1{1},MN258174_1{1},MN258177_1{1},MN258182_1{1},MN258169_1{1},MN258175_1{1},MN258181_1{1},MN258178_1{1},MN258180_1{1},MN258172_1{1},MN258188_1{1},MN258184_1{1},MN258167_1{1},MN258168_1{1},MN258187_1{1},MN258176_1{1},MN258166_1{1},MN258171_1{1},MN258173_1{1},MN258186_1{1},MN258164_1{1},MN258179_1{1})Node84{1})Node82{1})Node78{1})Node72{1})Node44{1})Node42{1})Node34{3})Node4{2},NC_077671_1{3})

----

```
|--------PP058738_1 (2)
| |PP058739_1 (3)
||+Node5 (1)
|||  |PP003836_1 (1)
||| |+Node9 (1)
||| ||PP003837_1 (1)
||||+Node8 (1)
||||||PP151172_1 (1)
|||||+Node12 (1)
|||| |PP058737_1 (1)
|||+Node7 (2)
|| ||OQ092243_1 (2)
|| |+Node15 (1)
||  ||PP151169_1 (1)
||  |+Node17 (1)
||   |  |PP151166_1 (1)
||   | |+Node24 (1)
||   | ||PP504849_1 (1)
||   | ||PP151167_1 (1)
||   ||+Node23 (1)
||   ||||PP151171_1 (1)
||   |||+Node29 (1)
||   || ||PP151165_1 (1)
||   || |+Node31 (1)
||   ||  |OP555736_1 (1)
||   |+Node19 (1)
||    |PP151168_1 (1)
||    |PP151170_1 (1)
|+Node4 (2)
|||AH011553_2 (2)
||+Node34 (3)
| ||MT956621_1 (1)
| |+Node37 (1)
| ||NC_003468_2 (1)
| ||AF291704_5 (1)
| ||MN850096_1 (1)
| |+Node42 (1)
|  |   |PV796318_1 (1)
|  |  |+Node47 (1)
|  |  ||PV808469_1 (1)
|  | |+Node46 (1)
|  | || |MN258158_1 (1)
|  | |||+Node51 (1)
|  | ||||MN258159_1 (1)
|  | ||+Node50 (1)
|  | | ||PP_006WBLH_2 (1)
|  | | |+Node54 (1)
|  | |  ||PP_006XDHK_5 (1)
|  | |  |+Node56 (1)
|  | |   |PP_006XDJH_5 (1)
|  ||+Node45 (1)
|  ||| |PV808472_1 (1)
|  ||||+Node60 (1)
|  |||||MT956620_1 (1)
|  |||+Node59 (1)
|  || ||MN258157_1 (1)
|  || |+Node63 (1)
|  ||  | |MN258160_1 (1)
|  ||  ||+Node66 (1)
|  ||  |||AF324900_1 (1)
|  ||  |+Node65 (1)
|  ||   ||OR405523_1 (1)
|  ||   |+Node69 (1)
|  ||    |KY659431_1 (1)
|  |+Node44 (1)
|   | |MN850093_1 (1)
|   ||+Node73 (1)
|   ||||MN850094_1 (1)
|   |||+Node75 (1)
|   || |MN850095_1 (1)
|   |+Node72 (1)
|    | |MN258156_1 (1)
|    ||+Node79 (1)
|    |||MN850097_1 (1)
|    |+Node78 (1)
|     ||MN258161_1 (1)
|     |+Node82 (1)
|      ||MN258162_1 (1)
|      ||MN258165_1 (1)
|      ||MN258170_1 (1)
|      ||MN258163_1 (1)
|      ||MN258185_1 (1)
|      ||MN258183_1 (1)
|      ||MN258174_1 (1)
|      ||MN258177_1 (1)
|      ||MN258182_1 (1)
|      ||MN258169_1 (1)
|      ||MN258175_1 (1)
|      ||MN258181_1 (1)
|      ||MN258178_1 (1)
|      |+Node84 (1)
|       |MN258180_1 (1)
|       |MN258172_1 (1)
|       |MN258188_1 (1)
|       |MN258184_1 (1)
|       |MN258167_1 (1)
|       |MN258168_1 (1)
|       |MN258187_1 (1)
|       |MN258176_1 (1)
|       |MN258166_1 (1)
|       |MN258171_1 (1)
|       |MN258173_1 (1)
|       |MN258186_1 (1)
|       |MN258164_1 (1)
|       |MN258179_1 (1)
|-NC_077671_1 (3)
```


### Improving parameter estimates of the adaptive rate class model
* Log(L) = -35469.17, AIC-c = 71435.18 (248 estimated parameters)

### Testing selected branches for selection

|              Branch               |  Rates   |     Max. dN/dS     | Sites @ EBF>=100 |      Test LRT      |Uncorrected p-value |
|-----------------------------------|----------|--------------------|------------------|--------------------|--------------------|
|            PP058738_1             |     2    |    0.25 ( 3.32%)   |       N/A        |    Not selected    |    for testing     |
|            NC_077671_1            |     3    |   >1000 ( 5.70%)   |       N/A        |    Not selected    |    for testing     |
|               Node4               |     2    |    0.40 ( 2.26%)   |       N/A        |    Not selected    |    for testing     |
|            PP058739_1             |     3    |    3.59 ( 0.40%)   |       N/A        |    Not selected    |    for testing     |
|              Node34               |     3    |  477.72 ( 0.57%)   |         39       |        0.90        |       0.25957      |
|              Node17               |     1    |   0.00 (100.00%)   |       N/A        |    Not selected    |    for testing     |
|            OQ092243_1             |     2    |    0.26 ( 3.27%)   |       N/A        |    Not selected    |    for testing     |
|               Node8               |     1    |   0.00 (100.00%)   |       N/A        |    Not selected    |    for testing     |
|               Node7               |     2    |    0.37 ( 1.85%)   |       N/A        |    Not selected    |    for testing     |
|               Node5               |     1    |   0.01 (100.00%)   |       N/A        |    Not selected    |    for testing     |
|            AH011553_2             |     2    |   >1000 ( 8.54%)   |          6       |       25.91        |       0.00000      |
|              Node12               |     1    |   0.00 (100.00%)   |       N/A        |    Not selected    |    for testing     |
|               Node9               |     1    |   0.01 (100.00%)   |       N/A        |    Not selected    |    for testing     |
|            MN850096_1             |     1    |   0.01 (100.00%)   |       N/A        |        0.00        |       1.00000      |
|            PP151172_1             |     1    |   0.01 (100.00%)   |       N/A        |    Not selected    |    for testing     |
|              Node72               |     1    |   0.01 (100.00%)   |       N/A        |        0.00        |       1.00000      |
|              Node42               |     1    |   0.01 (100.00%)   |       N/A        |        0.00        |       1.00000      |
|            PP058737_1             |     1    |   0.02 (100.00%)   |       N/A        |    Not selected    |    for testing     |
|              Node37               |     1    |   0.01 (100.00%)   |       N/A        |        0.00        |       1.00000      |
|              Node47               |     1    |   0.01 (100.00%)   |       N/A        |        0.00        |       1.00000      |
|            MN258157_1             |     1    |   0.02 (100.00%)   |       N/A        |        0.00        |       1.00000      |
|              Node15               |     1    |   0.01 (100.00%)   |       N/A        |    Not selected    |    for testing     |
|              Node69               |     1    |   0.01 (100.00%)   |       N/A        |        0.00        |       1.00000      |
|              Node60               |     1    |   0.00 (100.00%)   |       N/A        |        0.00        |       1.00000      |
|            PP003836_1             |     1    |   0.03 (100.00%)   |       N/A        |    Not selected    |    for testing     |
|            PP003837_1             |     1    |   0.03 (100.00%)   |       N/A        |    Not selected    |    for testing     |
|              Node66               |     1    |   0.02 (100.00%)   |       N/A        |        0.00        |       1.00000      |
|              Node44               |     1    |   0.02 (100.00%)   |       N/A        |        0.00        |       1.00000      |
|              Node45               |     1    |   0.02 (100.00%)   |       N/A        |        0.00        |       1.00000      |
|              Node46               |     1    |   0.00 (100.00%)   |       N/A        |        0.00        |       1.00000      |
|              Node54               |     1    |   0.00 (100.00%)   |       N/A        |        0.00        |       1.00000      |
|            PP151171_1             |     1    |   0.03 (100.00%)   |       N/A        |    Not selected    |    for testing     |
|              Node59               |     1    |   0.01 (100.00%)   |       N/A        |        0.00        |       1.00000      |
|              Node50               |     1    |   0.01 (100.00%)   |       N/A        |        0.00        |       1.00000      |
|            MN850097_1             |     1    |   0.03 (100.00%)   |       N/A        |        0.00        |       1.00000      |
|              Node73               |     1    |   0.02 (100.00%)   |       N/A        |        0.00        |       1.00000      |
|              Node31               |     1    |   0.04 (100.00%)   |       N/A        |    Not selected    |    for testing     |
|              Node51               |     1    |   0.03 (100.00%)   |       N/A        |        0.00        |       1.00000      |
|            MN258160_1             |     1    |   0.03 (100.00%)   |       N/A        |        0.00        |       1.00000      |
|            MN258161_1             |     1    |   0.04 (100.00%)   |       N/A        |        0.00        |       1.00000      |
|            KY659431_1             |     1    |   0.17 (100.00%)   |       N/A        |        0.00        |       1.00000      |
|              Node84               |     1    |   0.00 (100.00%)   |       N/A        |        0.00        |       1.00000      |
|              Node65               |     1    |   0.00 (100.00%)   |       N/A        |        0.00        |       1.00000      |
|              Node29               |     1    |   0.05 (100.00%)   |       N/A        |    Not selected    |    for testing     |
|              Node82               |     1    |   0.03 (100.00%)   |       N/A        |        0.00        |       1.00000      |
|            MN258156_1             |     1    |   0.03 (100.00%)   |       N/A        |        0.00        |       1.00000      |
|            AF324900_1             |     1    |   0.00 (100.00%)   |       N/A        |        0.00        |       1.00000      |
|              Node24               |     1    |   0.00 (100.00%)   |       N/A        |    Not selected    |    for testing     |
|              Node23               |     1    |   0.00 (100.00%)   |       N/A        |    Not selected    |    for testing     |
|              Node78               |     1    |   0.00 (100.00%)   |       N/A        |        0.00        |       1.00000      |
|              Node63               |     1    |   0.00 (100.00%)   |       N/A        |        0.00        |       1.00000      |
|            PP504849_1             |     1    |   0.00 (100.00%)   |       N/A        |    Not selected    |    for testing     |
|            PP151167_1             |     1    |   0.20 (100.00%)   |       N/A        |    Not selected    |    for testing     |
|            OR405523_1             |     1    |   0.26 (100.00%)   |       N/A        |        0.00        |       1.00000      |
|              Node79               |     1    |   0.00 (100.00%)   |       N/A        |        0.00        |       1.00000      |
|              Node19               |     1    |   0.00 (100.00%)   |       N/A        |    Not selected    |    for testing     |
|              Node75               |     1    |   0.00 (100.00%)   |       N/A        |        0.00        |       1.00000      |
|            MT956621_1             |     1    |  >1000 (100.00%)   |       N/A        |       -1.16        |       0.50000      |
|              Node56               |     1    |   0.00 (100.00%)   |       N/A        |        0.00        |       1.00000      |
|            MN258185_1             |     1    |   0.00 (100.00%)   |       N/A        |        0.00        |       1.00000      |
|            MN258183_1             |     1    |   0.00 (100.00%)   |       N/A        |        0.00        |       1.00000      |
|            MN258174_1             |     1    |   0.00 (100.00%)   |       N/A        |        0.00        |       1.00000      |
|            PP151168_1             |     1    |  >1000 (100.00%)   |       N/A        |    Not selected    |    for testing     |
|            AF291704_5             |     1    |   1.00 (100.00%)   |       N/A        |        0.00        |       1.00000      |
|            MN258165_1             |     1    |   1.00 (100.00%)   |       N/A        |        0.00        |       1.00000      |
|            MN258164_1             |     1    |   1.00 (100.00%)   |       N/A        |        0.00        |       1.00000      |
|            MN258159_1             |     1    |   1.00 (100.00%)   |       N/A        |        0.00        |       1.00000      |
|            MN258163_1             |     1    |   1.00 (100.00%)   |       N/A        |        0.00        |       1.00000      |
|            NC_003468_2            |     1    |   1.00 (100.00%)   |       N/A        |        0.00        |       1.00000      |
|            MN258158_1             |     1    |   1.00 (100.00%)   |       N/A        |        0.00        |       1.00000      |
|            MN258162_1             |     1    |   1.00 (100.00%)   |       N/A        |        0.00        |       1.00000      |
|            MN258182_1             |     1    |   1.00 (100.00%)   |       N/A        |        0.00        |       1.00000      |
|            MN258176_1             |     1    |   1.00 (100.00%)   |       N/A        |        0.00        |       1.00000      |
|            MN258180_1             |     1    |   1.00 (100.00%)   |       N/A        |        0.00        |       1.00000      |
|            MN258181_1             |     1    |   1.00 (100.00%)   |       N/A        |        0.00        |       1.00000      |
|            MN258177_1             |     1    |   1.00 (100.00%)   |       N/A        |        0.00        |       1.00000      |
|            MN258173_1             |     1    |   1.00 (100.00%)   |       N/A        |        0.00        |       1.00000      |
|            MN258178_1             |     1    |   1.00 (100.00%)   |       N/A        |        0.00        |       1.00000      |
|            PP151166_1             |     1    |   1.00 (100.00%)   |       N/A        |    Not selected    |    for testing     |
|            MN258175_1             |     1    |   1.00 (100.00%)   |       N/A        |        0.00        |       1.00000      |
|            MN258179_1             |     1    |   1.00 (100.00%)   |       N/A        |        0.00        |       1.00000      |
|            OP555736_1             |     1    |   1.00 (100.00%)   |       N/A        |    Not selected    |    for testing     |
|            MN258168_1             |     1    |   1.00 (100.00%)   |       N/A        |        0.00        |       1.00000      |
|            PP151165_1             |     1    |   1.00 (100.00%)   |       N/A        |    Not selected    |    for testing     |
|            MN258167_1             |     1    |   1.00 (100.00%)   |       N/A        |        0.00        |       1.00000      |
|            MN258169_1             |     1    |   1.00 (100.00%)   |       N/A        |        0.00        |       1.00000      |
|            MN850093_1             |     1    |   1.00 (100.00%)   |       N/A        |        0.00        |       1.00000      |
|            MN258166_1             |     1    |   1.00 (100.00%)   |       N/A        |        0.00        |       1.00000      |
|            MN258188_1             |     1    |   1.00 (100.00%)   |       N/A        |        0.00        |       1.00000      |
|            MN258172_1             |     1    |   1.00 (100.00%)   |       N/A        |        0.00        |       1.00000      |
|            MN258184_1             |     1    |   1.00 (100.00%)   |       N/A        |        0.00        |       1.00000      |
|            MN258187_1             |     1    |   1.00 (100.00%)   |       N/A        |        0.00        |       1.00000      |
|           PP_006XDHK_5            |     1    |   1.00 (100.00%)   |       N/A        |        0.00        |       1.00000      |
|            MN258186_1             |     1    |   1.00 (100.00%)   |       N/A        |        0.00        |       1.00000      |
|           PP_006XDJH_5            |     1    |   1.00 (100.00%)   |       N/A        |        0.00        |       1.00000      |
|            MT956620_1             |     1    |   1.00 (100.00%)   |       N/A        |        0.00        |       1.00000      |
|            PV808469_1             |     1    |   1.00 (100.00%)   |       N/A        |        0.00        |       1.00000      |
|            PV796318_1             |     1    |   1.00 (100.00%)   |       N/A        |        0.00        |       1.00000      |
|            PV808472_1             |     1    |   1.00 (100.00%)   |       N/A        |        0.00        |       1.00000      |
|           PP_006WBLH_2            |     1    |   1.00 (100.00%)   |       N/A        |        0.00        |       1.00000      |
|            PP151169_1             |     1    |   1.00 (100.00%)   |       N/A        |    Not selected    |    for testing     |
|            PP151170_1             |     1    |   1.00 (100.00%)   |       N/A        |    Not selected    |    for testing     |
|            MN850095_1             |     1    |   1.00 (100.00%)   |       N/A        |        0.00        |       1.00000      |
|            MN258171_1             |     1    |   1.00 (100.00%)   |       N/A        |        0.00        |       1.00000      |
|            MN850094_1             |     1    |   1.00 (100.00%)   |       N/A        |        0.00        |       1.00000      |
|            MN258170_1             |     1    |   1.00 (100.00%)   |       N/A        |        0.00        |       1.00000      |
----
### Adaptive branch site random effects likelihood test 
Likelihood ratio test for episodic diversifying positive selection at Holm-Bonferroni corrected _p =   0.0500_ found **1** branches under selection among **76** tested.

* AH011553_2, p-value =  0.00006

### Annotated Tree
(PP058738_1,((PP058739_1,(((PP003836_1,PP003837_1)Node9,(PP151172_1,PP058737_1)Node12)Node8,(OQ092243_1,(PP151169_1,(((PP151166_1,PP504849_1,PP151167_1)Node24,(PP151171_1,(PP151165_1,OP555736_1)Node31)Node29)Node23,PP151168_1,PP151170_1)Node19)Node17)Node15)Node7)Node5,(AH011553_2{5.939189326298333e-05},(MT956621_1,NC_003468_2,AF291704_5)Node37,(MN850096_1,((((PV796318_1,PV808469_1)Node47,((MN258158_1,MN258159_1)Node51,(PP_006WBLH_2,(PP_006XDHK_5,PP_006XDJH_5)Node56)Node54)Node50)Node46,((PV808472_1,MT956620_1)Node60,(MN258157_1,((MN258160_1,AF324900_1)Node66,(OR405523_1,KY659431_1)Node69)Node65)Node63)Node59)Node45,((MN850093_1,(MN850094_1,MN850095_1)Node75)Node73,((MN258156_1,MN850097_1)Node79,(MN258161_1,(MN258162_1,MN258165_1,MN258170_1,MN258163_1,MN258185_1,MN258183_1,MN258174_1,MN258177_1,MN258182_1,MN258169_1,MN258175_1,MN258181_1,MN258178_1,MN258180_1,MN258172_1,MN258188_1,MN258184_1,MN258167_1,MN258168_1,MN258187_1,MN258176_1,MN258166_1,MN258171_1,MN258173_1,MN258186_1,MN258164_1,MN258179_1)Node84)Node82)Node78)Node72)Node44)Node42)Node34)Node4,NC_077671_1)

----

```
|--------PP058738_1 (Not tested)
| |PP058739_1 (Not tested)
||+Node5 (Not tested)
|||  |PP003836_1 (Not tested)
||| |+Node9 (Not tested)
||| ||PP003837_1 (Not tested)
||||+Node8 (Not tested)
||||||PP151172_1 (Not tested)
|||||+Node12 (Not tested)
|||| |PP058737_1 (Not tested)
|||+Node7 (Not tested)
|| ||OQ092243_1 (Not tested)
|| |+Node15 (Not tested)
||  ||PP151169_1 (Not tested)
||  |+Node17 (Not tested)
||   |  |PP151166_1 (Not tested)
||   | |+Node24 (Not tested)
||   | ||PP504849_1 (Not tested)
||   | ||PP151167_1 (Not tested)
||   ||+Node23 (Not tested)
||   ||||PP151171_1 (Not tested)
||   |||+Node29 (Not tested)
||   || ||PP151165_1 (Not tested)
||   || |+Node31 (Not tested)
||   ||  |OP555736_1 (Not tested)
||   |+Node19 (Not tested)
||    |PP151168_1 (Not tested)
||    |PP151170_1 (Not tested)
|+Node4 (Not tested)
|||AH011553_2 (5.939189326298333e-05)
||+Node34 (N.S)
| ||MT956621_1 (N.S)
| |+Node37 (N.S)
| ||NC_003468_2 (N.S)
| ||AF291704_5 (N.S)
| ||MN850096_1 (N.S)
| |+Node42 (N.S)
|  |   |PV796318_1 (N.S)
|  |  |+Node47 (N.S)
|  |  ||PV808469_1 (N.S)
|  | |+Node46 (N.S)
|  | || |MN258158_1 (N.S)
|  | |||+Node51 (N.S)
|  | ||||MN258159_1 (N.S)
|  | ||+Node50 (N.S)
|  | | ||PP_006WBLH_2 (N.S)
|  | | |+Node54 (N.S)
|  | |  ||PP_006XDHK_5 (N.S)
|  | |  |+Node56 (N.S)
|  | |   |PP_006XDJH_5 (N.S)
|  ||+Node45 (N.S)
|  ||| |PV808472_1 (N.S)
|  ||||+Node60 (N.S)
|  |||||MT956620_1 (N.S)
|  |||+Node59 (N.S)
|  || ||MN258157_1 (N.S)
|  || |+Node63 (N.S)
|  ||  | |MN258160_1 (N.S)
|  ||  ||+Node66 (N.S)
|  ||  |||AF324900_1 (N.S)
|  ||  |+Node65 (N.S)
|  ||   ||OR405523_1 (N.S)
|  ||   |+Node69 (N.S)
|  ||    |KY659431_1 (N.S)
|  |+Node44 (N.S)
|   | |MN850093_1 (N.S)
|   ||+Node73 (N.S)
|   ||||MN850094_1 (N.S)
|   |||+Node75 (N.S)
|   || |MN850095_1 (N.S)
|   |+Node72 (N.S)
|    | |MN258156_1 (N.S)
|    ||+Node79 (N.S)
|    |||MN850097_1 (N.S)
|    |+Node78 (N.S)
|     ||MN258161_1 (N.S)
|     |+Node82 (N.S)
|      ||MN258162_1 (N.S)
|      ||MN258165_1 (N.S)
|      ||MN258170_1 (N.S)
|      ||MN258163_1 (N.S)
|      ||MN258185_1 (N.S)
|      ||MN258183_1 (N.S)
|      ||MN258174_1 (N.S)
|      ||MN258177_1 (N.S)
|      ||MN258182_1 (N.S)
|      ||MN258169_1 (N.S)
|      ||MN258175_1 (N.S)
|      ||MN258181_1 (N.S)
|      ||MN258178_1 (N.S)
|      |+Node84 (N.S)
|       |MN258180_1 (N.S)
|       |MN258172_1 (N.S)
|       |MN258188_1 (N.S)
|       |MN258184_1 (N.S)
|       |MN258167_1 (N.S)
|       |MN258168_1 (N.S)
|       |MN258187_1 (N.S)
|       |MN258176_1 (N.S)
|       |MN258166_1 (N.S)
|       |MN258171_1 (N.S)
|       |MN258173_1 (N.S)
|       |MN258186_1 (N.S)
|       |MN258164_1 (N.S)
|       |MN258179_1 (N.S)
|-NC_077671_1 (Not tested)
```

