
Analysis Description
--------------------
MEME (Mixed Effects Model of Evolution) estimates a site-wise synonymous
(&alpha;) and a two-category mixture of non-synonymous (&beta;-, with
proportion p-, and &beta;+ with proportion [1-p-]) rates, and uses a
likelihood ratio test to determine if &beta;+ > &alpha; at a site. The
estimates aggregate information over a proportion of branches at a site,
so the signal is derived from episodic diversification, which is a
combination of strength of selection [effect size] and the proportion of
the tree affected. A subset of branches can be selected for testing as
well, in which case an additional (nuisance) parameter will be inferred
-- the non-synonymous rate on branches NOT selected for testing.
Multiple partitions within a NEXUS file are also supported for
recombination - aware analysis. Version 3.0 adds a different format for
ancestral state reconstruction, branch-site posterior storage, and
site-level heterogeneity testing. Version 4 adds support for multiple
hits and more than 2 rate classes on omega, as well as site-level
imputation option. Version 4.1 fixes bugs with EBF computation for > 2
more rates and MH reporting. 

- __Requirements__: in-frame codon alignment and a phylogenetic tree

- __Citation__: Detecting Individual Sites Subject to Episodic Diversifying Selection.
_PLoS Genet_ 8(7): e1002764.

- __Written by__: Sergei L. Kosakovsky Pond, Steven Weaver

- __Contact Information__: spond@temple.edu

- __Analysis Version__: 4.1


>code => Universal

-------
>[WARNING]
'/Users/agl4001/Documents/hantavirus_selection_analysis/results/ANDV_trees_aln-hyphy/inputs/L.hyphy_ready.fasta'
contains 24 duplicate sequences. Identical sequences do not contribute
any information to the analysis and only slow down computation. Please
consider removing duplicate or 'nearly' duplicate sequences, e.g. using
https://github.com/veg/hyphy-analyses/tree/master/remove-duplicates
prior to running selection analyses
-------
/Users/agl4001/Documents/hantavirus_selection_analysis/results/ANDV_trees_aln-hyphy/inputs/L_humanout.hyphy_ready.treefile
results/ANDV_trees_aln-hyphy/inputs/L_humanout.hyphy_ready.treefile

>Loaded a multiple sequence alignment with **69** sequences, **2153** codons, and **1** partitions from `/Users/agl4001/Documents/hantavirus_selection_analysis/results/ANDV_trees_aln-hyphy/inputs/L.hyphy_ready.fasta`

>branches => Foreground

>Select the p-value threshold to use when testing for selection (permissible range = [0,1], default value = 0.1): 
>pvalue => 0.1

>[Advanced setting, will result in MUCH SLOWER run time] Perform parametric bootstrap resampling to derive site-level null LRT distributions up to this many replicates per site. Recommended use for small to medium (<30 sequences) datasets (permissible range = [0,1000], default value = 50, integer): 
>resample => 0
The number omega rate classes to include in the model [2 is the strongly recommended default] (permissible range = [2,4], default value = 2, integer): 
>rates => 2

>multiple-hits => None

>impute-states => No

>precision => standard


### Branches to include in the MEME analysis
Selected 66 branches to include in the MEME analysis: `PV796318_1, PV808469_1, Node47, PP_006WBLH_2, PP_006XDHK_5, PP_006XDJH_5, Node56, Node54, MN850093_1, MN850094_1, MN850095_1, Node75, Node73, MN258162_1, MN258165_1, MN258170_1, Node87, MN258163_1, MN258185_1, MN258183_1, MN258174_1, Node95, Node93, Node91, MN258177_1, MN258182_1, MN258169_1, MN258175_1, MN258181_1, MN258178_1, MN258180_1, MN258172_1, MN258188_1, MN258184_1, MN258167_1, MN258168_1, MN258187_1, MN258176_1, MN258166_1, MN258171_1, MN258173_1, MN258186_1, MN258164_1, MN258179_1, Node134, Node132, Node130, Node128, Node126, Node124, Node122, Node120, Node118, Node116, Node114, Node112, Node110, Node108, Node106, Node104, Node102, Node100, Node98, Node90, Node86, Node84`


### Obtaining branch lengths and nucleotide substitution biases under the nucleotide GTR model

>kill-zero-lengths => Yes

### Deleted 29 zero-length internal branches: `Node100, Node102, Node104, Node106, Node108, Node110, Node112, Node114, Node116, Node118, Node120, Node122, Node124, Node126, Node128, Node130, Node132, Node134, Node20, Node26, Node36, Node39, Node86, Node87, Node90, Node91, Node93, Node95, Node98`
* Log(L) = -45340.36, AIC-c = 90966.80 (143 estimated parameters)
* 1 partition. Total tree length by partition (subs/site)  1.462

### Obtaining the global omega estimate based on relative GTR branch lengths and nucleotide substitution biases
* Log(L) = -36488.77, AIC-c = 73221.75 (122 estimated parameters)
* 1 partition. Total tree length by partition (subs/site)  2.265
* non-synonymous/synonymous rate ratio for *background* =   0.0278
* non-synonymous/synonymous rate ratio for *test* =   0.0055

>full-model => Yes
Only analyze sites whose 1-based indices match the following list (null to skip) : 
>limit-to-sites => null
For sites whose 1-based indices match the following list, write out likelihood function snapshots (null string to skip) : 
>save-lf-for-sites => null

### Improving branch lengths, nucleotide substitution biases, and global dN/dS ratios under a full codon model
* Log(L) = -35784.24
* Log(L) = -35784.24, AIC-c = 71812.68 (122 estimated parameters)
* 1 partition. Total tree length by partition (subs/site)  5.625
* non-synonymous/synonymous rate ratio for *background* =   0.0100
* non-synonymous/synonymous rate ratio for *test* =   0.0073

### For partition 1 these sites are significant at p <=0.1

|   Codon    | Partition  |   alpha    |non-syn rate (beta) distribution, rates : weights|    LRT     |Episodic selection detected?| # branches |         List of most common codon substitutions at this site          |
|:----------:|:----------:|:----------:|:-----------------------------------------------:|:----------:|:--------------------------:|:----------:|:---------------------------------------------------------------------:|
|    483     |     1      |    1.579   |             0.81/116.59 : 0.49/0.51             |    4.233   |      Yes, p =  0.0561      |     0      |                     [2]atC>atA|[1]atC>atT,Atc>Gtc                     |

### ** Found _1_ sites under episodic diversifying positive selection at p <= 0.1**
