
Analysis Description
--------------------
FEL (Fixed Effects Likelihood) estimates site-wise synonymous (&alpha;)
and non-synonymous (&beta;) rates, and uses a likelihood ratio test to
determine if beta &neq; alpha at a site. The estimates aggregate
information over all branches, so the signal is derived from pervasive
diversification or conservation. A subset of branches can be selected
for testing as well, in which case an additional (nuisance) parameter
will be inferred -- the non-synonymous rate on branches NOT selected for
testing. Multiple partitions within a NEXUS file are also supported for
recombination - aware analysis. Version 2.5 adds MH support. Version 2.6
adds substitution mapping. 

- __Requirements__: in-frame codon alignment and a phylogenetic tree

- __Citation__: Not So Different After All: A Comparison of Methods for Detecting Amino
Acid Sites Under Selection (2005). _Mol Biol Evol_ 22 (5): 1208-1222

- __Written by__: Sergei L Kosakovsky Pond and Simon DW Frost

- __Contact Information__: spond@temple.edu

- __Analysis Version__: 2.6


>code => Universal

-------
>[WARNING]
'/Users/agl4001/Documents/hantavirus_selection_analysis/results/ANDV_trees_aln-hyphy/inputs/M.hyphy_ready.fasta'
contains 46 duplicate sequences. Identical sequences do not contribute
any information to the analysis and only slow down computation. Please
consider removing duplicate or 'nearly' duplicate sequences, e.g. using
https://github.com/veg/hyphy-analyses/tree/master/remove-duplicates
prior to running selection analyses
-------
/Users/agl4001/Documents/hantavirus_selection_analysis/results/ANDV_trees_aln-hyphy/inputs/M_ANDVall.hyphy_ready.treefile
results/ANDV_trees_aln-hyphy/inputs/M_ANDVall.hyphy_ready.treefile

>Loaded a multiple sequence alignment with **187** sequences, **1140** codons, and **1** partitions from `/Users/agl4001/Documents/hantavirus_selection_analysis/results/ANDV_trees_aln-hyphy/inputs/M.hyphy_ready.fasta`

>branches => Foreground

>srv => Yes

>multiple-hits => None

>Select the p-value threshold to use when testing for selection (permissible range = [0,1], default value = 0.1): 
>pvalue => 0.1

>ci => No
Only analyze sites whose 1-based indices match the following list (null to skip) : 
>limit-to-sites => null
For sites whose 1-based indices match the following list, write out likelihood function snapshots (null string to skip) : 
>save-lf-for-sites => null

>[Advanced setting, will result in MUCH SLOWER run time] Perform parametric bootstrap resampling to derive site-level null LRT distributions up to this many replicates per site. Recommended use for small to medium (<30 sequences) datasets (permissible range = [0,1000], default value = 50, integer): 
>resample => 0


### Branches to include in the FEL analysis
Selected 161 branches to include in FEL calculations: `EU241641_1_EU241655_1, EU241640_1, Node214, EU241639_1_EU241653_1, EU241637_1_EU241651_1, EU241638_1_EU241652_1, Node219, Node217, Node213, EU241650_1_EU241664_1, EU241643_1_EU241657_1, MN850091_1, EU241648_1_EU241662_1, EU241649_1_EU241663_1, Node230, Node228, KC567275_1_KC567264_1, AF291703_2, NC_003467_2, MT956623_1, Node237, Node235, Node233, Node227, Node225, OP555724_1, PV796317_1, PV808468_1, Node245, Node243, KC567278_1_KC567261_1, PP_006XDJH_5, PP_006WBLH_2, PP_006XDHK_5, Node253, Node251, Node249, EU241645_1_EU241659_1, EU241647_1_EU241661_1, Node258, MN258191_1, MN258192_1, Node261, Node257, EU241644_1_EU241658_1, EU241646_1_EU241660_1, DQ189095_1, Node267, KC567281_1_KC567258_1, KC567279_1_KC567260_1, Node270, Node266, Node264, Node256, Node248, Node242, KC567276_1_KC567263_1, KC567280_1_KC567259_1, KC567277_1_KC567262_1, Node276, Node274, MN258190_1, KC567272_1_KC567267_1, KC567273_1_KC567266_1, KC567271_1_KC567268_1, KC567274_1_KC567265_1, KC567270_1_KC567269_1, Node288, Node286, Node284, Node282, Node280, EU241642_1_EU241656_1, PV808471_1, MT956619_1, Node294, Node292, OR405524_1, KY604962_1, Node298, MN258193_1, AF389487_1_AF389492_1_AF389481_1, AF324901_2, Node303, Node301, Node297, Node291, Node279, Node273, Node241, MN850089_1, MN850088_1, MN850090_1, Node309, Node307, MN258189_1, MN850092_1, Node313, MN258194_1, MN258215_1, MN258197_1, MN258196_1, MN258214_1, MN258221_1, MN258211_1, MN258200_1, MN258219_1, MN258217_1, MN258205_1, MN258199_1, MN258210_1, MN258209_1, MN258202_1, MN258222_1, MN258204_1, MN258213_1, MN258203_1, MN258201_1, MN258212_1, MN258216_1, MN258206_1, MN258208_1, MN258220_1, MN258218_1, MN258198_1, MN258195_1, MN258207_1, Node370, Node368, Node366, Node364, Node362, Node360, Node358, Node356, Node354, Node352, Node350, Node348, Node346, Node344, Node342, Node340, Node338, Node336, Node334, Node332, Node330, Node328, Node326, Node324, Node322, Node320, Node318, Node316, Node312, Node306, Node240, Node224, Node222, Node212`

>precision => standard


### Obtaining branch lengths and nucleotide substitution biases under the nucleotide GTR model

>kill-zero-lengths => Yes

### Deleted 54 zero-length internal branches: `Node101, Node113, Node122, Node140, Node160, Node164, Node189, Node199, Node201, Node237, Node253, Node258, Node264, Node27, Node276, Node284, Node286, Node288, Node30, Node309, Node32, Node320, Node322, Node324, Node326, Node328, Node330, Node332, Node334, Node336, Node338, Node340, Node342, Node344, Node346, Node348, Node350, Node352, Node354, Node356, Node358, Node360, Node362, Node364, Node366, Node368, Node370, Node38, Node39, Node43, Node50, Node54, Node64, Node77`
* Log(L) = -33912.17, AIC-c = 68582.78 (379 estimated parameters)
* 1 partition. Total tree length by partition (subs/site)  4.009

### Obtaining the global omega estimate based on relative GTR branch lengths and nucleotide substitution biases
* Log(L) = -28091.84, AIC-c = 56850.73 (333 estimated parameters)
* 1 partition. Total tree length by partition (subs/site)  5.604
* non-synonymous/synonymous rate ratio for *background* =   0.0453
* non-synonymous/synonymous rate ratio for *test* =   0.0258

>full-model => Yes

### Improving branch lengths, nucleotide substitution biases, and global dN/dS ratios under a full codon model
* Log(L) = -27665.07, AIC-c = 55997.19 (333 estimated parameters)
* 1 partition. Total tree length by partition (subs/site)  9.056
* non-synonymous/synonymous rate ratio for *background* =   0.0219
* non-synonymous/synonymous rate ratio for *test* =   0.0239

### For partition 1 these sites are significant at p <=0.1

|     Codon      |   Partition    |     alpha      |      beta      |      LRT       |Selection detected?|
|:--------------:|:--------------:|:--------------:|:--------------:|:--------------:|:-----------------:|
|       5        |       1        |        3.375   |        0.000   |       11.171   |  Neg. p = 0.0008  |
|       9        |       1        |        0.376   |        0.000   |        3.289   |  Neg. p = 0.0697  |
|       10       |       1        |        0.414   |        0.000   |        3.453   |  Neg. p = 0.0631  |
|       14       |       1        |        0.934   |        0.000   |        7.229   |  Neg. p = 0.0072  |
|       15       |       1        |        0.389   |        0.000   |        3.198   |  Neg. p = 0.0737  |
|       16       |       1        |        0.317   |        0.000   |        3.318   |  Neg. p = 0.0685  |
|       18       |       1        |        0.457   |        0.000   |        4.461   |  Neg. p = 0.0347  |
|       20       |       1        |        1.847   |        0.000   |       17.671   |  Neg. p = 0.0000  |
|       25       |       1        |        0.622   |        0.000   |        4.923   |  Neg. p = 0.0265  |
|       26       |       1        |        1.247   |        0.000   |       12.736   |  Neg. p = 0.0004  |
|       27       |       1        |        1.950   |        0.000   |       12.084   |  Neg. p = 0.0005  |
|       30       |       1        |        0.396   |        0.000   |        3.926   |  Neg. p = 0.0476  |
|       31       |       1        |        0.611   |        0.000   |        7.218   |  Neg. p = 0.0072  |
|       32       |       1        |        1.541   |        0.000   |       12.155   |  Neg. p = 0.0005  |
|       33       |       1        |        0.308   |        0.000   |        3.236   |  Neg. p = 0.0720  |
|       34       |       1        |        0.568   |        0.000   |        5.755   |  Neg. p = 0.0164  |
|       35       |       1        |        0.675   |        0.000   |        6.626   |  Neg. p = 0.0101  |
|       36       |       1        |        0.966   |        0.000   |       10.333   |  Neg. p = 0.0013  |
|       37       |       1        |        0.503   |        0.000   |        5.065   |  Neg. p = 0.0244  |
|       39       |       1        |        2.146   |        0.000   |       15.627   |  Neg. p = 0.0001  |
|       40       |       1        |        0.965   |        0.000   |        5.910   |  Neg. p = 0.0151  |
|       41       |       1        |        0.659   |        0.000   |        5.545   |  Neg. p = 0.0185  |
|       42       |       1        |        1.672   |        0.000   |       11.887   |  Neg. p = 0.0006  |
|       43       |       1        |        1.299   |        0.000   |       12.023   |  Neg. p = 0.0005  |
|       44       |       1        |        1.053   |        0.000   |        7.035   |  Neg. p = 0.0080  |
|       45       |       1        |        0.972   |        0.154   |        3.598   |  Neg. p = 0.0579  |
|       46       |       1        |        1.218   |        0.000   |        8.221   |  Neg. p = 0.0041  |
|       47       |       1        |        1.741   |        0.000   |       10.718   |  Neg. p = 0.0011  |
|       48       |       1        |        0.462   |        0.000   |        4.664   |  Neg. p = 0.0308  |
|       49       |       1        |        0.826   |        0.000   |        6.336   |  Neg. p = 0.0118  |
|       50       |       1        |        0.892   |        0.000   |        6.962   |  Neg. p = 0.0083  |
|       51       |       1        |        1.378   |        0.168   |        5.289   |  Neg. p = 0.0215  |
|       55       |       1        |        0.730   |        0.000   |        6.039   |  Neg. p = 0.0140  |
|       56       |       1        |        0.612   |        0.000   |        5.390   |  Neg. p = 0.0203  |
|       57       |       1        |        1.454   |        0.000   |       10.865   |  Neg. p = 0.0010  |
|       58       |       1        |        1.401   |        0.133   |        6.720   |  Neg. p = 0.0095  |
|       60       |       1        |        0.723   |        0.000   |        7.628   |  Neg. p = 0.0057  |
|       62       |       1        |        0.451   |        0.000   |        5.212   |  Neg. p = 0.0224  |
|       63       |       1        |        0.378   |        0.000   |        3.489   |  Neg. p = 0.0618  |
|       64       |       1        |        1.497   |        0.000   |       10.704   |  Neg. p = 0.0011  |
|       65       |       1        |        2.040   |        0.000   |       13.655   |  Neg. p = 0.0002  |
|       66       |       1        |        1.863   |        0.000   |        7.943   |  Neg. p = 0.0048  |
|       67       |       1        |        1.488   |        0.000   |       10.712   |  Neg. p = 0.0011  |
|       68       |       1        |        0.475   |        0.000   |        5.426   |  Neg. p = 0.0198  |
|       69       |       1        |        1.780   |        0.239   |        5.734   |  Neg. p = 0.0166  |
|       70       |       1        |        1.391   |        0.000   |       11.234   |  Neg. p = 0.0008  |
|       71       |       1        |        2.743   |        0.139   |       14.196   |  Neg. p = 0.0002  |
|       72       |       1        |        0.460   |        0.000   |        4.381   |  Neg. p = 0.0363  |
|       73       |       1        |        2.256   |        0.000   |        4.245   |  Neg. p = 0.0394  |
|       75       |       1        |        0.773   |        0.000   |        5.513   |  Neg. p = 0.0189  |
|       76       |       1        |        3.084   |        0.000   |       17.672   |  Neg. p = 0.0000  |
|       77       |       1        |        1.775   |        0.000   |       12.467   |  Neg. p = 0.0004  |
|       78       |       1        |        1.180   |        0.159   |        4.268   |  Neg. p = 0.0388  |
|       80       |       1        |        0.691   |        0.000   |        3.932   |  Neg. p = 0.0474  |
|       81       |       1        |        0.394   |        0.000   |        3.687   |  Neg. p = 0.0548  |
|       82       |       1        |        1.002   |        0.000   |        7.001   |  Neg. p = 0.0081  |
|       84       |       1        |        2.858   |        0.000   |       17.762   |  Neg. p = 0.0000  |
|       85       |       1        |        0.495   |        0.000   |        4.271   |  Neg. p = 0.0388  |
|       86       |       1        |        1.663   |        0.000   |       10.644   |  Neg. p = 0.0011  |
|       87       |       1        |        1.512   |        0.000   |        7.196   |  Neg. p = 0.0073  |
|       88       |       1        |        1.113   |        0.000   |        6.583   |  Neg. p = 0.0103  |
|       89       |       1        |        0.289   |        0.000   |        2.976   |  Neg. p = 0.0845  |
|       90       |       1        |        0.665   |        0.000   |        5.814   |  Neg. p = 0.0159  |
|       91       |       1        |        4.859   |        0.000   |       20.294   |  Neg. p = 0.0000  |
|       92       |       1        |        1.191   |        0.000   |       10.255   |  Neg. p = 0.0014  |
|       93       |       1        |        1.316   |        0.000   |       10.356   |  Neg. p = 0.0013  |
|       96       |       1        |        1.941   |        0.000   |       14.004   |  Neg. p = 0.0002  |
|       97       |       1        |        0.975   |        0.000   |        8.405   |  Neg. p = 0.0037  |
|       98       |       1        |        1.139   |        0.000   |       10.153   |  Neg. p = 0.0014  |
|       99       |       1        |        0.560   |        0.000   |        5.551   |  Neg. p = 0.0185  |
|      100       |       1        |        0.674   |        0.000   |        4.053   |  Neg. p = 0.0441  |
|      101       |       1        |        0.807   |        0.000   |        5.201   |  Neg. p = 0.0226  |
|      103       |       1        |        0.499   |        0.000   |        3.940   |  Neg. p = 0.0471  |
|      104       |       1        |        2.200   |        0.000   |       15.219   |  Neg. p = 0.0001  |
|      105       |       1        |        2.751   |        0.000   |       13.425   |  Neg. p = 0.0002  |
|      106       |       1        |        0.292   |        0.000   |        2.947   |  Neg. p = 0.0861  |
|      107       |       1        |        1.237   |        0.000   |        9.270   |  Neg. p = 0.0023  |
|      108       |       1        |        1.528   |        0.000   |       10.660   |  Neg. p = 0.0011  |
|      109       |       1        |        1.731   |        0.000   |       12.709   |  Neg. p = 0.0004  |
|      110       |       1        |        1.682   |        0.000   |       12.261   |  Neg. p = 0.0005  |
|      111       |       1        |        1.064   |        0.000   |        9.617   |  Neg. p = 0.0019  |
|      112       |       1        |        1.140   |        0.000   |       10.254   |  Neg. p = 0.0014  |
|      113       |       1        |        1.175   |        0.000   |        6.976   |  Neg. p = 0.0083  |
|      114       |       1        |        2.662   |        0.261   |        9.680   |  Neg. p = 0.0019  |
|      115       |       1        |        1.044   |        0.000   |        7.967   |  Neg. p = 0.0048  |
|      116       |       1        |        0.627   |        0.000   |        5.780   |  Neg. p = 0.0162  |
|      117       |       1        |        0.304   |        0.000   |        3.082   |  Neg. p = 0.0792  |
|      118       |       1        |        1.739   |        0.000   |       11.770   |  Neg. p = 0.0006  |
|      119       |       1        |        1.513   |        0.000   |       14.137   |  Neg. p = 0.0002  |
|      121       |       1        |        2.586   |        0.000   |       16.556   |  Neg. p = 0.0000  |
|      122       |       1        |        0.779   |        0.000   |        6.992   |  Neg. p = 0.0082  |
|      123       |       1        |        1.163   |        0.000   |        8.124   |  Neg. p = 0.0044  |
|      124       |       1        |        0.503   |        0.000   |        4.514   |  Neg. p = 0.0336  |
|      127       |       1        |        1.498   |        0.314   |        2.769   |  Neg. p = 0.0961  |
|      129       |       1        |        1.447   |        0.000   |       10.318   |  Neg. p = 0.0013  |
|      130       |       1        |        1.780   |        0.000   |       14.405   |  Neg. p = 0.0001  |
|      131       |       1        |        1.072   |        0.000   |        7.549   |  Neg. p = 0.0060  |
|      132       |       1        |        3.170   |        0.000   |       15.959   |  Neg. p = 0.0001  |
|      135       |       1        |        2.891   |        0.014   |       15.899   |  Neg. p = 0.0001  |
|      136       |       1        |        0.487   |        0.000   |        4.551   |  Neg. p = 0.0329  |
|      137       |       1        |        0.924   |        0.000   |        6.577   |  Neg. p = 0.0103  |
|      138       |       1        |        1.066   |        0.000   |        6.743   |  Neg. p = 0.0094  |
|      139       |       1        |        1.629   |        0.000   |        9.213   |  Neg. p = 0.0024  |
|      141       |       1        |        2.327   |        0.000   |       13.191   |  Neg. p = 0.0003  |
|      142       |       1        |        0.723   |        0.000   |        5.538   |  Neg. p = 0.0186  |
|      143       |       1        |        2.170   |        0.000   |       11.082   |  Neg. p = 0.0009  |
|      144       |       1        |        0.267   |        0.000   |        2.907   |  Neg. p = 0.0882  |
|      145       |       1        |        0.628   |        0.000   |        5.021   |  Neg. p = 0.0250  |
|      146       |       1        |        1.744   |        0.150   |        8.306   |  Neg. p = 0.0040  |
|      147       |       1        |        1.934   |        0.000   |        6.732   |  Neg. p = 0.0095  |
|      148       |       1        |        0.936   |        0.000   |        6.186   |  Neg. p = 0.0129  |
|      150       |       1        |        0.630   |        0.000   |        5.415   |  Neg. p = 0.0200  |
|      151       |       1        |        0.295   |        0.000   |        2.706   |  Neg. p = 0.1000  |
|      152       |       1        |        1.747   |        0.000   |       11.831   |  Neg. p = 0.0006  |
|      153       |       1        |        1.311   |        0.094   |        3.480   |  Neg. p = 0.0621  |
|      154       |       1        |        0.330   |        0.000   |        2.961   |  Neg. p = 0.0853  |
|      155       |       1        |        0.589   |        0.000   |        4.042   |  Neg. p = 0.0444  |
|      157       |       1        |        0.650   |        0.000   |        4.149   |  Neg. p = 0.0417  |
|      158       |       1        |       11.433   |        0.000   |       21.151   |  Neg. p = 0.0000  |
|      159       |       1        |        2.305   |        0.000   |       12.258   |  Neg. p = 0.0005  |
|      160       |       1        |        0.686   |        0.000   |        4.839   |  Neg. p = 0.0278  |
|      161       |       1        |        1.020   |        0.000   |        4.696   |  Neg. p = 0.0302  |
|      165       |       1        |        0.554   |        0.000   |        2.767   |  Neg. p = 0.0962  |
|      167       |       1        |        1.994   |        0.000   |        7.099   |  Neg. p = 0.0077  |
|      168       |       1        |        0.689   |        0.000   |        3.478   |  Neg. p = 0.0622  |
|      171       |       1        |        3.541   |        0.000   |        7.968   |  Neg. p = 0.0048  |
|      173       |       1        |        2.171   |        0.000   |        7.234   |  Neg. p = 0.0072  |
|      175       |       1        |        2.318   |        0.001   |        6.553   |  Neg. p = 0.0105  |
|      176       |       1        |        2.628   |        0.000   |        6.670   |  Neg. p = 0.0098  |
|      177       |       1        |        3.454   |        0.000   |       10.197   |  Neg. p = 0.0014  |
|      178       |       1        |        1.338   |        0.000   |        4.719   |  Neg. p = 0.0298  |
|      180       |       1        |        0.800   |        0.000   |        3.547   |  Neg. p = 0.0596  |
|      181       |       1        |        1.553   |        0.000   |        5.391   |  Neg. p = 0.0202  |
|      182       |       1        |        1.588   |        0.000   |        6.251   |  Neg. p = 0.0124  |
|      186       |       1        |        2.560   |        0.000   |        8.022   |  Neg. p = 0.0046  |
|      187       |       1        |        0.598   |        0.000   |        2.997   |  Neg. p = 0.0834  |
|      189       |       1        |        3.547   |        0.000   |        8.943   |  Neg. p = 0.0028  |
|      190       |       1        |        2.470   |        0.000   |        8.142   |  Neg. p = 0.0043  |
|      191       |       1        |        1.230   |        0.000   |        4.631   |  Neg. p = 0.0314  |
|      192       |       1        |        0.672   |        0.000   |        2.848   |  Neg. p = 0.0915  |
|      194       |       1        |        2.112   |        0.000   |        6.350   |  Neg. p = 0.0117  |
|      195       |       1        |        1.301   |        0.000   |        5.195   |  Neg. p = 0.0227  |
|      196       |       1        |        1.439   |        0.000   |        4.806   |  Neg. p = 0.0284  |
|      197       |       1        |        1.438   |        0.000   |        4.361   |  Neg. p = 0.0368  |
|      198       |       1        |        1.971   |        0.000   |        6.252   |  Neg. p = 0.0124  |
|      199       |       1        |        1.017   |        0.000   |        3.143   |  Neg. p = 0.0763  |
|      200       |       1        |        8.005   |        0.000   |       12.711   |  Neg. p = 0.0004  |
|      203       |       1        |        2.562   |        0.000   |        8.891   |  Neg. p = 0.0029  |
|      204       |       1        |        1.965   |        0.000   |        7.464   |  Neg. p = 0.0063  |
|      206       |       1        |        3.315   |        0.073   |        5.553   |  Neg. p = 0.0184  |
|      208       |       1        |        3.789   |        0.000   |       10.449   |  Neg. p = 0.0012  |
|      209       |       1        |        1.476   |        0.000   |        5.352   |  Neg. p = 0.0207  |
|      210       |       1        |        2.524   |        0.000   |        8.283   |  Neg. p = 0.0040  |
|      211       |       1        |        0.549   |        0.000   |        3.078   |  Neg. p = 0.0794  |
|      214       |       1        |        1.378   |        0.000   |        4.594   |  Neg. p = 0.0321  |
|      215       |       1        |        4.981   |        0.000   |       10.598   |  Neg. p = 0.0011  |
|      216       |       1        |        3.343   |        0.299   |        3.084   |  Neg. p = 0.0791  |
|      218       |       1        |        0.712   |        0.000   |        3.461   |  Neg. p = 0.0628  |
|      219       |       1        |        0.821   |        0.000   |        3.030   |  Neg. p = 0.0817  |
|      220       |       1        |        0.728   |        0.000   |        3.063   |  Neg. p = 0.0801  |
|      222       |       1        |        0.958   |        0.000   |        3.543   |  Neg. p = 0.0598  |
|      224       |       1        |        1.018   |        0.000   |        3.144   |  Neg. p = 0.0762  |
|      225       |       1        |        2.029   |        0.000   |        6.036   |  Neg. p = 0.0140  |
|      226       |       1        |        0.655   |        0.000   |        2.777   |  Neg. p = 0.0956  |
|      229       |       1        |        1.058   |        0.000   |        3.928   |  Neg. p = 0.0475  |
|      232       |       1        |        1.724   |        0.000   |        5.489   |  Neg. p = 0.0191  |
|      233       |       1        |        0.707   |        0.000   |        3.466   |  Neg. p = 0.0626  |
|      234       |       1        |        1.122   |        0.000   |        3.868   |  Neg. p = 0.0492  |
|      240       |       1        |        0.846   |        0.000   |        3.277   |  Neg. p = 0.0703  |
|      241       |       1        |        1.547   |        0.000   |        5.163   |  Neg. p = 0.0231  |
|      242       |       1        |        1.292   |        0.000   |        4.597   |  Neg. p = 0.0320  |
|      244       |       1        |        0.591   |        0.000   |        2.833   |  Neg. p = 0.0923  |
|      245       |       1        |        1.619   |        0.000   |        4.627   |  Neg. p = 0.0315  |
|      246       |       1        |        8.182   |        0.000   |       11.943   |  Neg. p = 0.0005  |
|      247       |       1        |        0.564   |        0.000   |        2.761   |  Neg. p = 0.0966  |
|      250       |       1        |        1.786   |        0.000   |        6.709   |  Neg. p = 0.0096  |
|      251       |       1        |        4.786   |        0.000   |        6.997   |  Neg. p = 0.0082  |
|      252       |       1        |        3.393   |        0.000   |        7.977   |  Neg. p = 0.0047  |
|      253       |       1        |        1.722   |        0.000   |        4.843   |  Neg. p = 0.0278  |
|      254       |       1        |        0.971   |        0.000   |        4.355   |  Neg. p = 0.0369  |
|      255       |       1        |        1.552   |        0.000   |        4.585   |  Neg. p = 0.0323  |
|      256       |       1        |        1.137   |        0.000   |        4.850   |  Neg. p = 0.0276  |
|      258       |       1        |        2.505   |        0.000   |        6.476   |  Neg. p = 0.0109  |
|      260       |       1        |        1.296   |        0.000   |        3.685   |  Neg. p = 0.0549  |
|      262       |       1        |        0.820   |        0.000   |        3.691   |  Neg. p = 0.0547  |
|      263       |       1        |        0.792   |        0.000   |        3.592   |  Neg. p = 0.0581  |
|      264       |       1        |        1.082   |        0.000   |        4.697   |  Neg. p = 0.0302  |
|      265       |       1        |        1.021   |        0.000   |        3.648   |  Neg. p = 0.0562  |
|      266       |       1        |        1.083   |        0.000   |        3.687   |  Neg. p = 0.0548  |
|      267       |       1        |        1.986   |        0.000   |        7.303   |  Neg. p = 0.0069  |
|      268       |       1        |        0.789   |        0.000   |        3.806   |  Neg. p = 0.0511  |
|      269       |       1        |        1.547   |        0.000   |        6.662   |  Neg. p = 0.0098  |
|      272       |       1        |        7.121   |        0.000   |       10.094   |  Neg. p = 0.0015  |
|      273       |       1        |        0.591   |        0.000   |        2.768   |  Neg. p = 0.0962  |
|      274       |       1        |        1.005   |        0.000   |        4.055   |  Neg. p = 0.0440  |
|      275       |       1        |        0.905   |        0.000   |        3.116   |  Neg. p = 0.0775  |
|      276       |       1        |        1.714   |        0.000   |        6.769   |  Neg. p = 0.0093  |
|      280       |       1        |        1.319   |        0.000   |        5.557   |  Neg. p = 0.0184  |
|      281       |       1        |        1.015   |        0.001   |        4.214   |  Neg. p = 0.0401  |
|      282       |       1        |        2.365   |        0.340   |        3.529   |  Neg. p = 0.0603  |
|      284       |       1        |        2.170   |        0.000   |        6.242   |  Neg. p = 0.0125  |
|      285       |       1        |        0.716   |        0.000   |        3.563   |  Neg. p = 0.0591  |
|      287       |       1        |        6.694   |        0.000   |       13.689   |  Neg. p = 0.0002  |
|      288       |       1        |        3.636   |        0.354   |        4.023   |  Neg. p = 0.0449  |
|      289       |       1        |        0.663   |        0.000   |        3.144   |  Neg. p = 0.0762  |
|      291       |       1        |        1.916   |        0.000   |        6.425   |  Neg. p = 0.0113  |
|      293       |       1        |        3.862   |        0.000   |        9.497   |  Neg. p = 0.0021  |
|      296       |       1        |        2.733   |        0.000   |        7.079   |  Neg. p = 0.0078  |
|      297       |       1        |        1.007   |        0.000   |        4.611   |  Neg. p = 0.0318  |
|      299       |       1        |        1.185   |        0.000   |        4.796   |  Neg. p = 0.0285  |
|      300       |       1        |        1.781   |        0.000   |        6.536   |  Neg. p = 0.0106  |
|      301       |       1        |        1.159   |        0.000   |        5.037   |  Neg. p = 0.0248  |
|      305       |       1        |        1.312   |        0.000   |        4.323   |  Neg. p = 0.0376  |
|      306       |       1        |        0.863   |        0.000   |        3.895   |  Neg. p = 0.0484  |
|      309       |       1        |        1.057   |        0.000   |        4.850   |  Neg. p = 0.0276  |
|      310       |       1        |        0.994   |        0.000   |        4.540   |  Neg. p = 0.0331  |
|      313       |       1        |        3.658   |        0.000   |        8.941   |  Neg. p = 0.0028  |
|      315       |       1        |        2.039   |        0.000   |        6.501   |  Neg. p = 0.0108  |
|      319       |       1        |        0.657   |        0.001   |        3.296   |  Neg. p = 0.0695  |
|      321       |       1        |        1.266   |        0.000   |        4.295   |  Neg. p = 0.0382  |
|      323       |       1        |        0.793   |        0.000   |        3.788   |  Neg. p = 0.0516  |
|      326       |       1        |        1.153   |        0.000   |        3.695   |  Neg. p = 0.0546  |
|      327       |       1        |        1.686   |        0.000   |        5.973   |  Neg. p = 0.0145  |
|      328       |       1        |        1.354   |        0.000   |        5.137   |  Neg. p = 0.0234  |
|      330       |       1        |        2.438   |        0.000   |        6.929   |  Neg. p = 0.0085  |
|      332       |       1        |        2.209   |        0.000   |        6.570   |  Neg. p = 0.0104  |
|      333       |       1        |        0.707   |        0.000   |        3.477   |  Neg. p = 0.0622  |
|      334       |       1        |        1.462   |        0.000   |        5.498   |  Neg. p = 0.0190  |
|      335       |       1        |        2.753   |        0.000   |        5.874   |  Neg. p = 0.0154  |
|      338       |       1        |        0.843   |        0.000   |        3.768   |  Neg. p = 0.0522  |
|      339       |       1        |        2.438   |        0.000   |        7.170   |  Neg. p = 0.0074  |
|      341       |       1        |        5.086   |        0.000   |       13.029   |  Neg. p = 0.0003  |
|      342       |       1        |        2.551   |        0.000   |        6.934   |  Neg. p = 0.0085  |
|      343       |       1        |        0.753   |        0.000   |        3.221   |  Neg. p = 0.0727  |
|      344       |       1        |        1.046   |        0.000   |        4.590   |  Neg. p = 0.0322  |
|      345       |       1        |        0.534   |        0.000   |        2.892   |  Neg. p = 0.0890  |
|      346       |       1        |        2.220   |        0.000   |        6.064   |  Neg. p = 0.0138  |
|      348       |       1        |        1.277   |        0.000   |        4.866   |  Neg. p = 0.0274  |
|      349       |       1        |        1.279   |        0.000   |        4.620   |  Neg. p = 0.0316  |
|      350       |       1        |        0.826   |        0.000   |        3.814   |  Neg. p = 0.0508  |
|      351       |       1        |        2.241   |        0.000   |        6.940   |  Neg. p = 0.0084  |
|      352       |       1        |        1.174   |        0.000   |        5.223   |  Neg. p = 0.0223  |
|      356       |       1        |        0.910   |        0.000   |        3.710   |  Neg. p = 0.0541  |
|      358       |       1        |        3.810   |        0.000   |        7.894   |  Neg. p = 0.0050  |
|      361       |       1        |        0.589   |        0.000   |        2.736   |  Neg. p = 0.0981  |
|      367       |       1        |        1.544   |        0.000   |        4.542   |  Neg. p = 0.0331  |
|      368       |       1        |        2.751   |        0.015   |        7.443   |  Neg. p = 0.0064  |
|      369       |       1        |        2.336   |        0.000   |        9.742   |  Neg. p = 0.0018  |
|      372       |       1        |        0.973   |        0.000   |        4.697   |  Neg. p = 0.0302  |
|      373       |       1        |        2.644   |        0.000   |        7.818   |  Neg. p = 0.0052  |
|      375       |       1        |        1.641   |        0.000   |        5.090   |  Neg. p = 0.0241  |
|      377       |       1        |        2.961   |        0.000   |        9.897   |  Neg. p = 0.0017  |
|      378       |       1        |        1.907   |        0.000   |        6.785   |  Neg. p = 0.0092  |
|      379       |       1        |        1.159   |        0.000   |        4.186   |  Neg. p = 0.0408  |
|      380       |       1        |        0.926   |        0.000   |        3.656   |  Neg. p = 0.0559  |
|      381       |       1        |        2.175   |        0.000   |        7.784   |  Neg. p = 0.0053  |
|      382       |       1        |        0.580   |        0.000   |        2.755   |  Neg. p = 0.0970  |
|      383       |       1        |        3.945   |        0.000   |       10.538   |  Neg. p = 0.0012  |
|      384       |       1        |        0.807   |        0.000   |        3.110   |  Neg. p = 0.0778  |
|      385       |       1        |        2.340   |        0.000   |        7.953   |  Neg. p = 0.0048  |
|      386       |       1        |        1.217   |        0.000   |        4.098   |  Neg. p = 0.0429  |
|      387       |       1        |        2.851   |        0.000   |        9.027   |  Neg. p = 0.0027  |
|      388       |       1        |        1.640   |        0.000   |        5.734   |  Neg. p = 0.0166  |
|      389       |       1        |        0.846   |        0.000   |        3.807   |  Neg. p = 0.0510  |
|      390       |       1        |        1.070   |        0.000   |        4.800   |  Neg. p = 0.0285  |
|      392       |       1        |        0.913   |        0.000   |        3.915   |  Neg. p = 0.0479  |
|      395       |       1        |        0.840   |        0.000   |        4.169   |  Neg. p = 0.0412  |
|      396       |       1        |        0.987   |        0.000   |        3.479   |  Neg. p = 0.0621  |
|      397       |       1        |        1.305   |        0.000   |        4.679   |  Neg. p = 0.0305  |
|      398       |       1        |        7.379   |        0.000   |       13.555   |  Neg. p = 0.0002  |
|      399       |       1        |        1.383   |        0.000   |        4.292   |  Neg. p = 0.0383  |
|      400       |       1        |        1.027   |        0.000   |        4.677   |  Neg. p = 0.0306  |
|      401       |       1        |        1.323   |        0.000   |        4.527   |  Neg. p = 0.0334  |
|      402       |       1        |        2.438   |        0.000   |        7.482   |  Neg. p = 0.0062  |
|      403       |       1        |        3.635   |        0.000   |       10.845   |  Neg. p = 0.0010  |
|      404       |       1        |        1.780   |        0.000   |        6.434   |  Neg. p = 0.0112  |
|      405       |       1        |        1.391   |        0.000   |        4.211   |  Neg. p = 0.0402  |
|      406       |       1        |        0.663   |        0.000   |        3.108   |  Neg. p = 0.0779  |
|      407       |       1        |        1.309   |        0.000   |        6.115   |  Neg. p = 0.0134  |
|      409       |       1        |        4.126   |        0.000   |        8.698   |  Neg. p = 0.0032  |
|      412       |       1        |        1.448   |        0.000   |        5.958   |  Neg. p = 0.0147  |
|      414       |       1        |        1.608   |        0.000   |        6.588   |  Neg. p = 0.0103  |
|      415       |       1        |        1.648   |        0.000   |        4.919   |  Neg. p = 0.0266  |
|      417       |       1        |        4.169   |        0.000   |       10.352   |  Neg. p = 0.0013  |
|      418       |       1        |        3.072   |        0.000   |        8.870   |  Neg. p = 0.0029  |
|      419       |       1        |        1.088   |        0.000   |        4.816   |  Neg. p = 0.0282  |
|      420       |       1        |        1.954   |        0.000   |        6.515   |  Neg. p = 0.0107  |
|      421       |       1        |        1.906   |        0.000   |        6.310   |  Neg. p = 0.0120  |
|      422       |       1        |        0.810   |        0.000   |        2.709   |  Neg. p = 0.0998  |
|      424       |       1        |        1.306   |        0.000   |        4.573   |  Neg. p = 0.0325  |
|      425       |       1        |        1.455   |        0.000   |        4.907   |  Neg. p = 0.0268  |
|      426       |       1        |        1.590   |        0.000   |        5.790   |  Neg. p = 0.0161  |
|      427       |       1        |        0.679   |        0.000   |        3.200   |  Neg. p = 0.0736  |
|      428       |       1        |        1.210   |        0.000   |        4.707   |  Neg. p = 0.0300  |
|      430       |       1        |        1.212   |        0.000   |        5.028   |  Neg. p = 0.0249  |
|      431       |       1        |        0.854   |        0.000   |        3.596   |  Neg. p = 0.0579  |
|      433       |       1        |        1.271   |        0.000   |        4.053   |  Neg. p = 0.0441  |
|      435       |       1        |        2.233   |        0.000   |        8.199   |  Neg. p = 0.0042  |
|      437       |       1        |        3.574   |        0.000   |       10.874   |  Neg. p = 0.0010  |
|      439       |       1        |        4.753   |        0.000   |       10.198   |  Neg. p = 0.0014  |
|      441       |       1        |        0.908   |        0.000   |        3.107   |  Neg. p = 0.0779  |
|      442       |       1        |        1.659   |        0.000   |        4.634   |  Neg. p = 0.0314  |
|      444       |       1        |        0.993   |        0.000   |        3.975   |  Neg. p = 0.0462  |
|      446       |       1        |        2.147   |        0.000   |        7.429   |  Neg. p = 0.0064  |
|      447       |       1        |        0.984   |        0.000   |        3.302   |  Neg. p = 0.0692  |
|      449       |       1        |        4.820   |        0.000   |       10.727   |  Neg. p = 0.0011  |
|      450       |       1        |        0.694   |        0.000   |        3.303   |  Neg. p = 0.0691  |
|      451       |       1        |        1.169   |        0.000   |        4.109   |  Neg. p = 0.0427  |
|      452       |       1        |        2.294   |        0.000   |        7.875   |  Neg. p = 0.0050  |
|      453       |       1        |        1.132   |        0.000   |        4.077   |  Neg. p = 0.0435  |
|      454       |       1        |        0.812   |        0.000   |        3.957   |  Neg. p = 0.0467  |
|      455       |       1        |        1.164   |        0.000   |        4.064   |  Neg. p = 0.0438  |
|      456       |       1        |        0.995   |        0.000   |        4.161   |  Neg. p = 0.0414  |
|      457       |       1        |        1.176   |        0.000   |        4.413   |  Neg. p = 0.0357  |
|      458       |       1        |        2.789   |        0.000   |        6.042   |  Neg. p = 0.0140  |
|      459       |       1        |        0.677   |        0.000   |        3.029   |  Neg. p = 0.0818  |
|      460       |       1        |        1.106   |        0.000   |        4.796   |  Neg. p = 0.0285  |
|      464       |       1        |        0.907   |        0.000   |        4.079   |  Neg. p = 0.0434  |
|      466       |       1        |        0.916   |        0.000   |        3.427   |  Neg. p = 0.0641  |
|      469       |       1        |        1.714   |        0.000   |        3.885   |  Neg. p = 0.0487  |
|      470       |       1        |        1.006   |        0.000   |        4.097   |  Neg. p = 0.0430  |
|      472       |       1        |        1.869   |        0.000   |        6.285   |  Neg. p = 0.0122  |
|      473       |       1        |        1.074   |        0.000   |        3.656   |  Neg. p = 0.0559  |
|      474       |       1        |        2.304   |        0.000   |        7.543   |  Neg. p = 0.0060  |
|      475       |       1        |        1.732   |        0.000   |        5.294   |  Neg. p = 0.0214  |
|      476       |       1        |        1.843   |        0.000   |        6.889   |  Neg. p = 0.0087  |
|      477       |       1        |        0.634   |        0.000   |        2.767   |  Neg. p = 0.0962  |
|      478       |       1        |        1.164   |        0.000   |        3.525   |  Neg. p = 0.0604  |
|      479       |       1        |        3.115   |        0.000   |        4.337   |  Neg. p = 0.0373  |
|      480       |       1        |        1.431   |        0.000   |        5.962   |  Neg. p = 0.0146  |
|      481       |       1        |        0.958   |        0.000   |        4.009   |  Neg. p = 0.0453  |
|      482       |       1        |        2.224   |        0.000   |        7.943   |  Neg. p = 0.0048  |
|      483       |       1        |        3.112   |        0.000   |        7.611   |  Neg. p = 0.0058  |
|      484       |       1        |        2.217   |        0.000   |        7.276   |  Neg. p = 0.0070  |
|      485       |       1        |        1.256   |        0.000   |        5.478   |  Neg. p = 0.0193  |
|      487       |       1        |        1.256   |        0.000   |        5.505   |  Neg. p = 0.0190  |
|      489       |       1        |        1.598   |        0.000   |        6.224   |  Neg. p = 0.0126  |
|      491       |       1        |        2.514   |        0.000   |       10.339   |  Neg. p = 0.0013  |
|      492       |       1        |        0.941   |        0.000   |        3.396   |  Neg. p = 0.0654  |
|      493       |       1        |        1.215   |        0.000   |        3.463   |  Neg. p = 0.0628  |
|      494       |       1        |        2.752   |        0.000   |        9.678   |  Neg. p = 0.0019  |
|      495       |       1        |        1.297   |        0.000   |        5.003   |  Neg. p = 0.0253  |
|      496       |       1        |        1.502   |        0.000   |        5.118   |  Neg. p = 0.0237  |
|      498       |       1        |        2.635   |        0.000   |        9.188   |  Neg. p = 0.0024  |
|      500       |       1        |        0.060   |        0.682   |        3.420   |  Pos. p = 0.0644  |
|      501       |       1        |        1.303   |        0.000   |        4.281   |  Neg. p = 0.0385  |
|      503       |       1        |        0.773   |        0.000   |        3.807   |  Neg. p = 0.0510  |
|      505       |       1        |        2.099   |        0.205   |        3.881   |  Neg. p = 0.0488  |
|      506       |       1        |        1.019   |        0.000   |        4.107   |  Neg. p = 0.0427  |
|      507       |       1        |        2.353   |        0.000   |        6.117   |  Neg. p = 0.0134  |
|      508       |       1        |        0.995   |        0.000   |        3.486   |  Neg. p = 0.0619  |
|      510       |       1        |        1.471   |        0.000   |        4.019   |  Neg. p = 0.0450  |
|      511       |       1        |        0.897   |        0.000   |        3.483   |  Neg. p = 0.0620  |
|      513       |       1        |        0.916   |        0.000   |        3.231   |  Neg. p = 0.0723  |
|      515       |       1        |        2.291   |        0.000   |        5.348   |  Neg. p = 0.0207  |
|      518       |       1        |        0.995   |        0.000   |        4.238   |  Neg. p = 0.0395  |
|      519       |       1        |        0.941   |        0.000   |        3.334   |  Neg. p = 0.0678  |
|      521       |       1        |        1.013   |        0.000   |        3.763   |  Neg. p = 0.0524  |
|      524       |       1        |        1.154   |        0.000   |        5.112   |  Neg. p = 0.0238  |
|      526       |       1        |        1.431   |        0.000   |        4.894   |  Neg. p = 0.0269  |
|      528       |       1        |        0.955   |        0.000   |        3.259   |  Neg. p = 0.0710  |
|      529       |       1        |        3.149   |        0.000   |        9.239   |  Neg. p = 0.0024  |
|      531       |       1        |        1.584   |        0.000   |        5.860   |  Neg. p = 0.0155  |
|      533       |       1        |        0.796   |        0.000   |        2.981   |  Neg. p = 0.0842  |
|      534       |       1        |        1.199   |        0.000   |        4.444   |  Neg. p = 0.0350  |
|      535       |       1        |        0.861   |        0.000   |        3.139   |  Neg. p = 0.0764  |
|      536       |       1        |        1.098   |        0.000   |        4.710   |  Neg. p = 0.0300  |
|      537       |       1        |        1.194   |        0.000   |        3.697   |  Neg. p = 0.0545  |
|      539       |       1        |        0.634   |        0.000   |        2.765   |  Neg. p = 0.0963  |
|      540       |       1        |        0.999   |        0.000   |        3.080   |  Neg. p = 0.0793  |
|      541       |       1        |        5.361   |        0.000   |        9.936   |  Neg. p = 0.0016  |
|      542       |       1        |        0.702   |        0.000   |        3.130   |  Neg. p = 0.0769  |
|      545       |       1        |        0.817   |        0.000   |        3.377   |  Neg. p = 0.0661  |
|      548       |       1        |        1.538   |        0.000   |        6.137   |  Neg. p = 0.0132  |
|      549       |       1        |        0.862   |        0.000   |        3.158   |  Neg. p = 0.0756  |
|      552       |       1        |        0.759   |        0.000   |        3.174   |  Neg. p = 0.0748  |
|      553       |       1        |        2.038   |        0.000   |        6.944   |  Neg. p = 0.0084  |
|      555       |       1        |        0.690   |        0.000   |        3.149   |  Neg. p = 0.0760  |
|      557       |       1        |        2.426   |        0.000   |        6.622   |  Neg. p = 0.0101  |
|      559       |       1        |        1.610   |        0.000   |        6.379   |  Neg. p = 0.0115  |
|      560       |       1        |        3.076   |        0.000   |        8.054   |  Neg. p = 0.0045  |
|      561       |       1        |        3.007   |        0.000   |        7.963   |  Neg. p = 0.0048  |
|      562       |       1        |        2.101   |        0.000   |        7.989   |  Neg. p = 0.0047  |
|      563       |       1        |        0.958   |        0.000   |        3.044   |  Neg. p = 0.0810  |
|      565       |       1        |        1.078   |        0.000   |        3.728   |  Neg. p = 0.0535  |
|      567       |       1        |        2.182   |        0.000   |        5.973   |  Neg. p = 0.0145  |
|      568       |       1        |        0.735   |        0.000   |        3.638   |  Neg. p = 0.0565  |
|      569       |       1        |        0.899   |        0.000   |        4.098   |  Neg. p = 0.0429  |
|      570       |       1        |        1.371   |        0.000   |        5.282   |  Neg. p = 0.0215  |
|      572       |       1        |        1.077   |        0.000   |        5.016   |  Neg. p = 0.0251  |
|      574       |       1        |        0.776   |        0.000   |        3.499   |  Neg. p = 0.0614  |
|      575       |       1        |        0.788   |        0.000   |        4.170   |  Neg. p = 0.0411  |
|      576       |       1        |        2.015   |        0.000   |        6.038   |  Neg. p = 0.0140  |
|      577       |       1        |        0.673   |        0.000   |        3.267   |  Neg. p = 0.0707  |
|      579       |       1        |        1.033   |        0.000   |        4.748   |  Neg. p = 0.0293  |
|      581       |       1        |        0.724   |        0.000   |        3.066   |  Neg. p = 0.0799  |
|      582       |       1        |        1.809   |        0.000   |        5.894   |  Neg. p = 0.0152  |
|      584       |       1        |        1.386   |        0.000   |        5.949   |  Neg. p = 0.0147  |
|      585       |       1        |        2.980   |        0.000   |        5.154   |  Neg. p = 0.0232  |
|      587       |       1        |        0.810   |        0.000   |        4.424   |  Neg. p = 0.0354  |
|      588       |       1        |        1.415   |        0.000   |        4.861   |  Neg. p = 0.0275  |
|      589       |       1        |        1.850   |        0.000   |        4.141   |  Neg. p = 0.0419  |
|      590       |       1        |        0.698   |        0.000   |        3.830   |  Neg. p = 0.0504  |
|      591       |       1        |        1.943   |        0.000   |        6.213   |  Neg. p = 0.0127  |
|      593       |       1        |        0.922   |        0.000   |        4.004   |  Neg. p = 0.0454  |
|      594       |       1        |        0.980   |        0.000   |        4.764   |  Neg. p = 0.0291  |
|      595       |       1        |        1.168   |        0.000   |        4.856   |  Neg. p = 0.0276  |
|      596       |       1        |        0.803   |        0.000   |        3.625   |  Neg. p = 0.0569  |
|      597       |       1        |        1.242   |        0.000   |        4.558   |  Neg. p = 0.0328  |
|      599       |       1        |        1.157   |        0.000   |        4.981   |  Neg. p = 0.0256  |
|      600       |       1        |        1.076   |        0.000   |        5.218   |  Neg. p = 0.0224  |
|      603       |       1        |        1.134   |        0.000   |        4.682   |  Neg. p = 0.0305  |
|      604       |       1        |        1.153   |        0.000   |        5.724   |  Neg. p = 0.0167  |
|      605       |       1        |        1.097   |        0.001   |        3.668   |  Neg. p = 0.0555  |
|      606       |       1        |        0.811   |        0.000   |        3.071   |  Neg. p = 0.0797  |
|      607       |       1        |        1.307   |        0.000   |        4.594   |  Neg. p = 0.0321  |
|      609       |       1        |        1.701   |        0.001   |        7.130   |  Neg. p = 0.0076  |
|      610       |       1        |        1.692   |        0.000   |        5.665   |  Neg. p = 0.0173  |
|      611       |       1        |        1.515   |        0.000   |        6.174   |  Neg. p = 0.0130  |
|      612       |       1        |        1.098   |        0.000   |        5.714   |  Neg. p = 0.0168  |
|      613       |       1        |        0.703   |        0.000   |        3.379   |  Neg. p = 0.0660  |
|      614       |       1        |        0.878   |        0.000   |        4.324   |  Neg. p = 0.0376  |
|      615       |       1        |        1.372   |        0.000   |        4.735   |  Neg. p = 0.0295  |
|      619       |       1        |        1.257   |        0.000   |        4.739   |  Neg. p = 0.0295  |
|      620       |       1        |        1.633   |        0.000   |        6.422   |  Neg. p = 0.0113  |
|      621       |       1        |        0.550   |        0.000   |        2.902   |  Neg. p = 0.0885  |
|      622       |       1        |        2.029   |        0.000   |        7.308   |  Neg. p = 0.0069  |
|      623       |       1        |        1.294   |        0.000   |        6.448   |  Neg. p = 0.0111  |
|      624       |       1        |        1.405   |        0.000   |        6.164   |  Neg. p = 0.0130  |
|      625       |       1        |        3.018   |        0.000   |        8.744   |  Neg. p = 0.0031  |
|      626       |       1        |        2.922   |        0.000   |        8.697   |  Neg. p = 0.0032  |
|      627       |       1        |        2.837   |        0.000   |        8.599   |  Neg. p = 0.0034  |
|      628       |       1        |        0.844   |        0.000   |        3.697   |  Neg. p = 0.0545  |
|      629       |       1        |        0.660   |        0.000   |        3.469   |  Neg. p = 0.0625  |
|      630       |       1        |        1.144   |        0.000   |        5.423   |  Neg. p = 0.0199  |
|      631       |       1        |        1.059   |        0.000   |        4.701   |  Neg. p = 0.0301  |
|      633       |       1        |        0.885   |        0.000   |        4.381   |  Neg. p = 0.0363  |
|      634       |       1        |        1.461   |        0.000   |        7.013   |  Neg. p = 0.0081  |
|      635       |       1        |        2.158   |        0.000   |        6.724   |  Neg. p = 0.0095  |
|      638       |       1        |        1.853   |        0.000   |        7.637   |  Neg. p = 0.0057  |
|      640       |       1        |        2.135   |        0.000   |        5.777   |  Neg. p = 0.0162  |
|      641       |       1        |        2.162   |        0.000   |        6.836   |  Neg. p = 0.0089  |
|      644       |       1        |        1.064   |        0.000   |        4.265   |  Neg. p = 0.0389  |
|      645       |       1        |        2.319   |        0.375   |        3.701   |  Neg. p = 0.0544  |
|      649       |       1        |        1.660   |        0.000   |        7.598   |  Neg. p = 0.0058  |
|      650       |       1        |        1.335   |        0.000   |        6.102   |  Neg. p = 0.0135  |
|      654       |       1        |        0.863   |        0.000   |        4.470   |  Neg. p = 0.0345  |
|      655       |       1        |        0.914   |        0.000   |        5.114   |  Neg. p = 0.0237  |
|      656       |       1        |        1.511   |        0.000   |        5.372   |  Neg. p = 0.0205  |
|      658       |       1        |        2.630   |        0.000   |        7.999   |  Neg. p = 0.0047  |
|      660       |       1        |        2.226   |        0.000   |        9.494   |  Neg. p = 0.0021  |
|      663       |       1        |        1.780   |        0.000   |        6.258   |  Neg. p = 0.0124  |
|      664       |       1        |        0.685   |        0.000   |        3.385   |  Neg. p = 0.0658  |
|      667       |       1        |        0.887   |        0.000   |        4.353   |  Neg. p = 0.0369  |
|      668       |       1        |        1.197   |        0.000   |        4.965   |  Neg. p = 0.0259  |
|      669       |       1        |        0.966   |        0.000   |        4.920   |  Neg. p = 0.0265  |
|      670       |       1        |        0.992   |        0.000   |        4.629   |  Neg. p = 0.0314  |
|      672       |       1        |        0.742   |        0.000   |        4.602   |  Neg. p = 0.0319  |
|      673       |       1        |     9923.114   |        0.000   |        3.858   |  Neg. p = 0.0495  |
|      674       |       1        |        1.327   |        0.000   |        5.355   |  Neg. p = 0.0207  |
|      676       |       1        |        1.472   |        0.000   |        6.502   |  Neg. p = 0.0108  |
|      677       |       1        |        2.173   |        0.000   |        6.786   |  Neg. p = 0.0092  |
|      678       |       1        |        1.404   |        0.000   |        6.102   |  Neg. p = 0.0135  |
|      679       |       1        |        1.488   |        0.000   |        5.009   |  Neg. p = 0.0252  |
|      681       |       1        |        1.258   |        0.000   |        5.025   |  Neg. p = 0.0250  |
|      682       |       1        |        0.943   |        0.000   |        3.738   |  Neg. p = 0.0532  |
|      683       |       1        |        1.429   |        0.002   |        4.643   |  Neg. p = 0.0312  |
|      684       |       1        |        1.462   |        0.000   |        7.324   |  Neg. p = 0.0068  |
|      687       |       1        |        1.027   |        0.000   |        4.849   |  Neg. p = 0.0277  |
|      688       |       1        |        0.609   |        0.000   |        3.028   |  Neg. p = 0.0819  |
|      689       |       1        |        3.230   |        0.000   |        8.130   |  Neg. p = 0.0044  |
|      690       |       1        |        0.576   |        0.000   |        3.352   |  Neg. p = 0.0671  |
|      691       |       1        |        1.050   |        0.000   |        3.976   |  Neg. p = 0.0461  |
|      692       |       1        |        1.282   |        0.000   |        6.659   |  Neg. p = 0.0099  |
|      693       |       1        |        0.897   |        0.000   |        4.598   |  Neg. p = 0.0320  |
|      694       |       1        |        1.318   |        0.000   |        5.502   |  Neg. p = 0.0190  |
|      695       |       1        |        2.795   |        0.000   |       11.853   |  Neg. p = 0.0006  |
|      696       |       1        |        0.883   |        0.000   |        4.661   |  Neg. p = 0.0309  |
|      697       |       1        |        2.481   |        0.000   |        9.157   |  Neg. p = 0.0025  |
|      699       |       1        |        0.565   |        0.000   |        3.046   |  Neg. p = 0.0809  |
|      700       |       1        |        1.517   |        0.000   |        5.672   |  Neg. p = 0.0172  |
|      701       |       1        |        0.824   |        0.000   |        3.802   |  Neg. p = 0.0512  |
|      702       |       1        |        0.629   |        0.000   |        2.850   |  Neg. p = 0.0914  |
|      703       |       1        |        0.720   |        0.000   |        3.201   |  Neg. p = 0.0736  |
|      704       |       1        |        1.212   |        0.000   |        4.989   |  Neg. p = 0.0255  |
|      705       |       1        |        1.556   |        0.000   |        6.218   |  Neg. p = 0.0126  |
|      706       |       1        |        1.143   |        0.000   |        6.641   |  Neg. p = 0.0100  |
|      707       |       1        |        1.332   |        0.000   |        6.013   |  Neg. p = 0.0142  |
|      708       |       1        |        2.760   |        0.000   |        8.353   |  Neg. p = 0.0038  |
|      709       |       1        |        2.431   |        0.000   |        9.438   |  Neg. p = 0.0021  |
|      710       |       1        |        1.053   |        0.000   |        4.219   |  Neg. p = 0.0400  |
|      712       |       1        |        2.337   |        0.000   |        8.380   |  Neg. p = 0.0038  |
|      713       |       1        |        0.858   |        0.000   |        3.763   |  Neg. p = 0.0524  |
|      714       |       1        |        3.393   |        0.000   |        9.860   |  Neg. p = 0.0017  |
|      715       |       1        |        0.715   |        0.000   |        3.662   |  Neg. p = 0.0557  |
|      716       |       1        |        1.770   |        0.000   |        6.940   |  Neg. p = 0.0084  |
|      718       |       1        |        0.779   |        0.000   |        3.951   |  Neg. p = 0.0468  |
|      720       |       1        |        1.189   |        0.000   |        5.636   |  Neg. p = 0.0176  |
|      723       |       1        |        2.567   |        0.000   |        7.314   |  Neg. p = 0.0068  |
|      724       |       1        |        1.205   |        0.000   |        6.289   |  Neg. p = 0.0121  |
|      725       |       1        |        1.622   |        0.000   |        7.819   |  Neg. p = 0.0052  |
|      729       |       1        |        1.037   |        0.000   |        5.274   |  Neg. p = 0.0216  |
|      731       |       1        |        0.932   |        0.000   |        4.260   |  Neg. p = 0.0390  |
|      732       |       1        |        0.633   |        0.000   |        3.198   |  Neg. p = 0.0737  |
|      733       |       1        |        1.508   |        0.000   |        6.408   |  Neg. p = 0.0114  |
|      734       |       1        |        0.709   |        0.000   |        3.284   |  Neg. p = 0.0700  |
|      736       |       1        |        0.620   |        0.000   |        3.571   |  Neg. p = 0.0588  |
|      737       |       1        |        2.848   |        0.000   |        9.428   |  Neg. p = 0.0021  |
|      738       |       1        |        1.078   |        0.000   |        6.051   |  Neg. p = 0.0139  |
|      739       |       1        |        1.030   |        0.000   |        4.784   |  Neg. p = 0.0287  |
|      740       |       1        |        2.926   |        0.000   |        6.582   |  Neg. p = 0.0103  |
|      741       |       1        |        1.114   |        0.000   |        5.564   |  Neg. p = 0.0183  |
|      743       |       1        |        0.993   |        0.000   |        4.852   |  Neg. p = 0.0276  |
|      744       |       1        |        0.859   |        0.000   |        3.255   |  Neg. p = 0.0712  |
|      745       |       1        |        2.157   |        0.000   |        6.909   |  Neg. p = 0.0086  |
|      746       |       1        |        2.055   |        0.000   |        6.640   |  Neg. p = 0.0100  |
|      748       |       1        |        0.894   |        0.000   |        3.400   |  Neg. p = 0.0652  |
|      749       |       1        |        0.487   |        0.000   |        3.110   |  Neg. p = 0.0778  |
|      751       |       1        |        6.545   |        0.000   |       13.015   |  Neg. p = 0.0003  |
|      752       |       1        |        0.980   |        0.000   |        4.683   |  Neg. p = 0.0305  |
|      754       |       1        |        0.672   |        0.000   |        3.076   |  Neg. p = 0.0795  |
|      755       |       1        |        0.602   |        0.000   |        2.762   |  Neg. p = 0.0965  |
|      756       |       1        |        1.186   |        0.000   |        5.549   |  Neg. p = 0.0185  |
|      758       |       1        |        1.681   |        0.000   |        4.376   |  Neg. p = 0.0365  |
|      759       |       1        |        2.838   |        0.000   |        6.249   |  Neg. p = 0.0124  |
|      760       |       1        |        0.830   |        0.000   |        3.489   |  Neg. p = 0.0618  |
|      765       |       1        |        1.555   |        0.001   |        5.848   |  Neg. p = 0.0156  |
|      769       |       1        |        1.099   |        0.000   |        4.600   |  Neg. p = 0.0320  |
|      770       |       1        |        2.192   |        0.000   |        5.741   |  Neg. p = 0.0166  |
|      771       |       1        |        1.811   |        0.000   |        8.156   |  Neg. p = 0.0043  |
|      772       |       1        |        1.016   |        0.000   |        4.879   |  Neg. p = 0.0272  |
|      773       |       1        |        2.050   |        0.000   |        7.760   |  Neg. p = 0.0053  |
|      774       |       1        |        0.964   |        0.000   |        4.293   |  Neg. p = 0.0383  |
|      775       |       1        |        1.768   |        0.000   |        7.328   |  Neg. p = 0.0068  |
|      776       |       1        |        0.708   |        0.000   |        3.592   |  Neg. p = 0.0580  |
|      777       |       1        |        0.632   |        0.000   |        3.036   |  Neg. p = 0.0814  |
|      778       |       1        |        1.299   |        0.000   |        6.158   |  Neg. p = 0.0131  |
|      780       |       1        |        0.825   |        0.000   |        4.354   |  Neg. p = 0.0369  |
|      781       |       1        |        8.036   |        0.000   |       13.730   |  Neg. p = 0.0002  |
|      782       |       1        |        2.894   |        0.000   |        9.616   |  Neg. p = 0.0019  |
|      783       |       1        |        1.383   |        0.000   |        5.866   |  Neg. p = 0.0154  |
|      785       |       1        |        0.892   |        0.000   |        4.190   |  Neg. p = 0.0407  |
|      786       |       1        |        1.666   |        0.000   |        6.358   |  Neg. p = 0.0117  |
|      787       |       1        |        1.790   |        0.000   |        5.229   |  Neg. p = 0.0222  |
|      788       |       1        |        3.261   |        0.000   |       12.388   |  Neg. p = 0.0004  |
|      789       |       1        |        0.561   |        0.083   |        2.819   |  Neg. p = 0.0932  |
|      790       |       1        |        0.934   |        0.000   |        3.230   |  Neg. p = 0.0723  |
|      791       |       1        |        2.543   |        0.000   |        6.892   |  Neg. p = 0.0087  |
|      792       |       1        |        1.666   |        0.000   |        4.672   |  Neg. p = 0.0307  |
|      794       |       1        |        2.861   |        0.000   |        9.666   |  Neg. p = 0.0019  |
|      795       |       1        |        0.852   |        0.000   |        3.929   |  Neg. p = 0.0475  |
|      797       |       1        |        1.269   |        0.000   |        5.282   |  Neg. p = 0.0215  |
|      798       |       1        |        1.478   |        0.000   |        4.619   |  Neg. p = 0.0316  |
|      800       |       1        |        0.738   |        0.000   |        3.937   |  Neg. p = 0.0472  |
|      802       |       1        |        0.964   |        0.000   |        4.397   |  Neg. p = 0.0360  |
|      803       |       1        |        0.816   |        0.000   |        2.876   |  Neg. p = 0.0899  |
|      804       |       1        |        0.766   |        0.000   |        3.332   |  Neg. p = 0.0680  |
|      805       |       1        |        2.287   |        0.000   |        6.573   |  Neg. p = 0.0104  |
|      806       |       1        |        0.664   |        0.000   |        3.528   |  Neg. p = 0.0603  |
|      807       |       1        |        3.951   |        0.000   |       12.411   |  Neg. p = 0.0004  |
|      809       |       1        |        2.288   |        0.000   |        8.251   |  Neg. p = 0.0041  |
|      810       |       1        |        1.116   |        0.000   |        4.532   |  Neg. p = 0.0333  |
|      812       |       1        |        0.733   |        0.000   |        2.766   |  Neg. p = 0.0963  |
|      814       |       1        |        1.585   |        0.000   |        6.098   |  Neg. p = 0.0135  |
|      816       |       1        |        0.969   |        0.000   |        3.977   |  Neg. p = 0.0461  |
|      817       |       1        |        1.426   |        0.000   |        4.284   |  Neg. p = 0.0385  |
|      818       |       1        |        1.736   |        0.000   |        6.550   |  Neg. p = 0.0105  |
|      819       |       1        |        0.769   |        0.000   |        3.581   |  Neg. p = 0.0584  |
|      820       |       1        |        0.647   |        0.000   |        3.054   |  Neg. p = 0.0805  |
|      826       |       1        |        0.663   |        0.000   |        3.287   |  Neg. p = 0.0698  |
|      827       |       1        |        2.147   |        0.000   |        6.646   |  Neg. p = 0.0099  |
|      828       |       1        |        1.725   |        0.000   |        8.060   |  Neg. p = 0.0045  |
|      829       |       1        |        0.815   |        0.000   |        5.979   |  Neg. p = 0.0145  |
|      830       |       1        |        0.987   |        0.000   |        6.807   |  Neg. p = 0.0091  |
|      831       |       1        |        1.153   |        0.000   |        8.099   |  Neg. p = 0.0044  |
|      833       |       1        |        1.126   |        0.000   |        7.161   |  Neg. p = 0.0075  |
|      834       |       1        |        2.178   |        0.000   |        8.778   |  Neg. p = 0.0030  |
|      835       |       1        |        0.882   |        0.000   |        6.244   |  Neg. p = 0.0125  |
|      836       |       1        |        1.518   |        0.000   |        8.829   |  Neg. p = 0.0030  |
|      838       |       1        |        1.379   |        0.000   |        9.154   |  Neg. p = 0.0025  |
|      839       |       1        |        0.861   |        0.000   |        7.251   |  Neg. p = 0.0071  |
|      840       |       1        |        0.725   |        0.000   |        5.240   |  Neg. p = 0.0221  |
|      841       |       1        |        0.782   |        0.000   |        6.144   |  Neg. p = 0.0132  |
|      842       |       1        |        1.348   |        0.000   |        9.537   |  Neg. p = 0.0020  |
|      843       |       1        |        0.856   |        0.000   |        6.053   |  Neg. p = 0.0139  |
|      844       |       1        |        1.290   |        0.000   |       11.772   |  Neg. p = 0.0006  |
|      845       |       1        |        0.978   |        0.000   |        6.366   |  Neg. p = 0.0116  |
|      846       |       1        |        1.050   |        0.000   |        7.436   |  Neg. p = 0.0064  |
|      847       |       1        |        1.087   |        0.000   |        7.975   |  Neg. p = 0.0047  |
|      848       |       1        |        2.433   |        0.000   |       14.469   |  Neg. p = 0.0001  |
|      849       |       1        |        0.909   |        0.000   |        8.328   |  Neg. p = 0.0039  |
|      850       |       1        |        1.407   |        0.000   |       12.305   |  Neg. p = 0.0005  |
|      851       |       1        |        0.806   |        0.000   |        6.358   |  Neg. p = 0.0117  |
|      852       |       1        |        0.921   |        0.000   |        8.189   |  Neg. p = 0.0042  |
|      853       |       1        |        1.076   |        0.000   |        7.130   |  Neg. p = 0.0076  |
|      854       |       1        |        1.751   |        0.000   |       12.704   |  Neg. p = 0.0004  |
|      855       |       1        |        1.448   |        0.000   |       12.915   |  Neg. p = 0.0003  |
|      856       |       1        |        1.293   |        0.000   |        8.304   |  Neg. p = 0.0040  |
|      857       |       1        |        0.431   |        0.000   |        3.695   |  Neg. p = 0.0546  |
|      858       |       1        |        3.436   |        0.000   |       11.221   |  Neg. p = 0.0008  |
|      859       |       1        |        1.464   |        0.000   |        9.849   |  Neg. p = 0.0017  |
|      860       |       1        |        1.729   |        0.000   |       13.930   |  Neg. p = 0.0002  |
|      861       |       1        |        2.105   |        0.143   |        9.791   |  Neg. p = 0.0018  |
|      862       |       1        |        1.892   |        0.147   |        8.438   |  Neg. p = 0.0037  |
|      863       |       1        |        0.750   |        0.000   |        7.935   |  Neg. p = 0.0048  |
|      864       |       1        |        1.393   |        0.000   |        8.796   |  Neg. p = 0.0030  |
|      865       |       1        |        1.323   |        0.000   |        6.749   |  Neg. p = 0.0094  |
|      867       |       1        |        1.612   |        0.000   |        9.964   |  Neg. p = 0.0016  |
|      869       |       1        |        0.319   |        0.000   |        3.163   |  Neg. p = 0.0753  |
|      870       |       1        |        1.165   |        0.000   |        6.717   |  Neg. p = 0.0095  |
|      871       |       1        |        0.497   |        0.000   |        3.639   |  Neg. p = 0.0565  |
|      872       |       1        |        1.360   |        0.000   |       10.782   |  Neg. p = 0.0010  |
|      873       |       1        |        6.271   |        0.000   |       19.170   |  Neg. p = 0.0000  |
|      874       |       1        |        0.947   |        0.000   |        8.906   |  Neg. p = 0.0028  |
|      875       |       1        |        2.632   |        0.000   |       16.208   |  Neg. p = 0.0001  |
|      876       |       1        |        0.906   |        0.000   |        8.501   |  Neg. p = 0.0036  |
|      877       |       1        |        0.386   |        0.000   |        3.770   |  Neg. p = 0.0522  |
|      879       |       1        |        1.182   |        0.000   |       10.238   |  Neg. p = 0.0014  |
|      881       |       1        |        1.862   |        0.000   |       12.615   |  Neg. p = 0.0004  |
|      882       |       1        |        0.754   |        0.000   |        6.585   |  Neg. p = 0.0103  |
|      883       |       1        |        1.769   |        0.263   |        4.688   |  Neg. p = 0.0304  |
|      885       |       1        |        1.041   |        0.000   |        8.964   |  Neg. p = 0.0028  |
|      888       |       1        |        2.920   |        0.000   |       14.712   |  Neg. p = 0.0001  |
|      889       |       1        |        2.240   |        0.242   |        9.464   |  Neg. p = 0.0021  |
|      890       |       1        |        6.824   |        0.316   |       12.495   |  Neg. p = 0.0004  |
|      891       |       1        |        1.134   |        0.117   |        5.513   |  Neg. p = 0.0189  |
|      892       |       1        |        0.731   |        0.000   |        7.034   |  Neg. p = 0.0080  |
|      893       |       1        |        2.093   |        0.000   |       16.973   |  Neg. p = 0.0000  |
|      894       |       1        |        0.717   |        0.000   |        5.726   |  Neg. p = 0.0167  |
|      895       |       1        |        1.704   |        0.000   |       14.317   |  Neg. p = 0.0002  |
|      896       |       1        |        1.367   |        0.000   |       12.875   |  Neg. p = 0.0003  |
|      897       |       1        |        1.925   |        0.000   |       13.395   |  Neg. p = 0.0003  |
|      898       |       1        |        0.896   |        0.000   |        8.431   |  Neg. p = 0.0037  |
|      899       |       1        |        0.661   |        0.000   |        4.938   |  Neg. p = 0.0263  |
|      900       |       1        |        1.496   |        0.000   |       12.953   |  Neg. p = 0.0003  |
|      902       |       1        |        0.910   |        0.000   |        9.385   |  Neg. p = 0.0022  |
|      903       |       1        |        0.547   |        0.000   |        4.922   |  Neg. p = 0.0265  |
|      904       |       1        |        0.500   |        0.000   |        5.050   |  Neg. p = 0.0246  |
|      905       |       1        |        1.220   |        0.000   |       11.864   |  Neg. p = 0.0006  |
|      906       |       1        |        1.249   |        0.146   |        5.657   |  Neg. p = 0.0174  |
|      907       |       1        |        0.925   |        0.000   |        6.799   |  Neg. p = 0.0091  |
|      908       |       1        |        0.444   |        0.000   |        4.082   |  Neg. p = 0.0433  |
|      909       |       1        |        1.751   |        0.000   |       10.431   |  Neg. p = 0.0012  |
|      910       |       1        |        0.820   |        0.000   |        5.421   |  Neg. p = 0.0199  |
|      911       |       1        |        2.333   |        0.000   |       19.265   |  Neg. p = 0.0000  |
|      912       |       1        |        2.520   |        0.000   |       18.054   |  Neg. p = 0.0000  |
|      913       |       1        |        1.777   |        0.000   |       16.129   |  Neg. p = 0.0001  |
|      915       |       1        |        0.574   |        0.000   |        5.154   |  Neg. p = 0.0232  |
|      916       |       1        |        1.353   |        0.002   |       12.849   |  Neg. p = 0.0003  |
|      917       |       1        |        1.556   |        0.000   |        8.152   |  Neg. p = 0.0043  |
|      919       |       1        |        0.615   |        0.001   |        6.251   |  Neg. p = 0.0124  |
|      922       |       1        |        0.528   |        0.000   |        5.379   |  Neg. p = 0.0204  |
|      923       |       1        |        0.656   |        0.000   |        6.243   |  Neg. p = 0.0125  |
|      924       |       1        |        0.800   |        0.000   |        6.952   |  Neg. p = 0.0084  |
|      925       |       1        |        3.708   |        0.000   |       19.215   |  Neg. p = 0.0000  |
|      926       |       1        |        0.533   |        0.000   |        4.272   |  Neg. p = 0.0387  |
|      927       |       1        |        1.532   |        0.000   |       12.573   |  Neg. p = 0.0004  |
|      928       |       1        |        0.515   |        0.000   |        3.936   |  Neg. p = 0.0473  |
|      929       |       1        |        0.412   |        0.000   |        3.317   |  Neg. p = 0.0686  |
|      930       |       1        |        2.387   |        0.136   |       10.646   |  Neg. p = 0.0011  |
|      931       |       1        |        1.010   |        0.000   |        9.225   |  Neg. p = 0.0024  |
|      932       |       1        |        1.493   |        0.000   |        9.847   |  Neg. p = 0.0017  |
|      933       |       1        |        0.840   |        0.000   |        7.962   |  Neg. p = 0.0048  |
|      934       |       1        |        1.265   |        0.133   |        5.673   |  Neg. p = 0.0172  |
|      935       |       1        |        0.676   |        0.000   |        7.739   |  Neg. p = 0.0054  |
|      936       |       1        |        1.011   |        0.000   |       10.435   |  Neg. p = 0.0012  |
|      937       |       1        |        0.862   |        0.185   |        4.383   |  Neg. p = 0.0363  |
|      938       |       1        |        0.365   |        0.000   |        3.935   |  Neg. p = 0.0473  |
|      940       |       1        |        2.382   |        0.000   |       16.574   |  Neg. p = 0.0000  |
|      941       |       1        |        2.286   |        0.000   |       15.974   |  Neg. p = 0.0001  |
|      942       |       1        |        0.430   |        0.000   |        4.936   |  Neg. p = 0.0263  |
|      943       |       1        |        0.549   |        0.000   |        4.723   |  Neg. p = 0.0298  |
|      945       |       1        |        0.493   |        0.000   |        4.678   |  Neg. p = 0.0305  |
|      946       |       1        |        1.196   |        0.000   |       11.125   |  Neg. p = 0.0009  |
|      947       |       1        |        0.448   |        0.000   |        4.813   |  Neg. p = 0.0282  |
|      948       |       1        |        0.335   |        0.000   |        3.012   |  Neg. p = 0.0826  |
|      949       |       1        |        0.804   |        0.000   |        8.729   |  Neg. p = 0.0031  |
|      950       |       1        |        3.556   |        0.000   |       21.323   |  Neg. p = 0.0000  |
|      951       |       1        |        0.447   |        0.000   |        4.716   |  Neg. p = 0.0299  |
|      952       |       1        |        2.247   |        0.000   |       16.606   |  Neg. p = 0.0000  |
|      953       |       1        |        1.456   |        0.000   |       12.712   |  Neg. p = 0.0004  |
|      954       |       1        |        0.383   |        0.000   |        4.072   |  Neg. p = 0.0436  |
|      955       |       1        |        3.295   |        0.000   |       24.892   |  Neg. p = 0.0000  |
|      956       |       1        |        1.902   |        0.000   |       12.454   |  Neg. p = 0.0004  |
|      957       |       1        |        0.992   |        0.000   |       10.451   |  Neg. p = 0.0012  |
|      958       |       1        |        0.926   |        0.000   |        8.252   |  Neg. p = 0.0041  |
|      959       |       1        |        2.237   |        0.001   |       14.288   |  Neg. p = 0.0002  |
|      960       |       1        |        0.847   |        0.000   |        6.653   |  Neg. p = 0.0099  |
|      961       |       1        |        1.543   |        0.000   |       13.546   |  Neg. p = 0.0002  |
|      962       |       1        |        0.366   |        0.000   |        3.209   |  Neg. p = 0.0732  |
|      963       |       1        |        1.527   |        0.000   |       13.571   |  Neg. p = 0.0002  |
|      965       |       1        |        6.826   |        0.000   |       27.105   |  Neg. p = 0.0000  |
|      966       |       1        |        0.615   |        0.000   |        4.786   |  Neg. p = 0.0287  |
|      967       |       1        |        0.372   |        0.000   |        3.182   |  Neg. p = 0.0744  |
|      968       |       1        |        0.643   |        0.000   |        4.422   |  Neg. p = 0.0355  |
|      970       |       1        |        0.882   |        0.000   |        7.252   |  Neg. p = 0.0071  |
|      971       |       1        |        1.620   |        0.000   |       11.172   |  Neg. p = 0.0008  |
|      972       |       1        |        2.671   |        0.000   |       22.981   |  Neg. p = 0.0000  |
|      973       |       1        |        0.436   |        0.000   |        3.830   |  Neg. p = 0.0503  |
|      974       |       1        |        0.524   |        0.000   |        4.483   |  Neg. p = 0.0342  |
|      975       |       1        |        1.647   |        0.001   |       12.604   |  Neg. p = 0.0004  |
|      976       |       1        |        1.300   |        0.000   |       11.434   |  Neg. p = 0.0007  |
|      977       |       1        |        1.702   |        0.000   |       10.097   |  Neg. p = 0.0015  |
|      978       |       1        |        1.009   |        0.000   |        8.282   |  Neg. p = 0.0040  |
|      980       |       1        |        3.804   |        0.000   |       14.530   |  Neg. p = 0.0001  |
|      982       |       1        |        1.384   |        0.000   |       10.099   |  Neg. p = 0.0015  |
|      983       |       1        |        0.408   |        0.000   |        3.205   |  Neg. p = 0.0734  |
|      984       |       1        |        0.410   |        0.000   |        4.398   |  Neg. p = 0.0360  |
|      985       |       1        |        0.841   |        0.000   |        7.769   |  Neg. p = 0.0053  |
|      987       |       1        |        0.417   |        0.000   |        4.209   |  Neg. p = 0.0402  |
|      988       |       1        |        0.971   |        0.000   |        7.198   |  Neg. p = 0.0073  |
|      989       |       1        |        0.352   |        0.000   |        3.689   |  Neg. p = 0.0548  |
|      990       |       1        |        0.696   |        0.000   |        6.508   |  Neg. p = 0.0107  |
|      991       |       1        |        1.303   |        0.000   |       11.822   |  Neg. p = 0.0006  |
|      992       |       1        |        0.548   |        0.000   |        4.952   |  Neg. p = 0.0261  |
|      994       |       1        |        1.540   |        0.000   |       14.718   |  Neg. p = 0.0001  |
|      995       |       1        |        0.824   |        0.145   |        2.906   |  Neg. p = 0.0883  |
|      996       |       1        |        0.683   |        0.000   |        5.048   |  Neg. p = 0.0247  |
|      998       |       1        |        1.717   |        0.148   |        8.654   |  Neg. p = 0.0033  |
|      999       |       1        |        1.497   |        0.000   |       12.252   |  Neg. p = 0.0005  |
|      1000      |       1        |        1.490   |        0.000   |        9.913   |  Neg. p = 0.0016  |
|      1001      |       1        |        0.352   |        0.000   |        3.356   |  Neg. p = 0.0670  |
|      1002      |       1        |        1.375   |        0.000   |       10.721   |  Neg. p = 0.0011  |
|      1003      |       1        |        0.451   |        0.000   |        4.503   |  Neg. p = 0.0338  |
|      1004      |       1        |        4.121   |        0.000   |       27.736   |  Neg. p = 0.0000  |
|      1005      |       1        |        0.762   |        0.000   |        5.334   |  Neg. p = 0.0209  |
|      1006      |       1        |        0.989   |        0.000   |        7.336   |  Neg. p = 0.0068  |
|      1008      |       1        |        0.561   |        0.000   |        5.417   |  Neg. p = 0.0199  |
|      1009      |       1        |        0.623   |        0.000   |        4.542   |  Neg. p = 0.0331  |
|      1011      |       1        |        3.857   |        0.000   |       16.395   |  Neg. p = 0.0001  |
|      1012      |       1        |        0.314   |        0.000   |        3.340   |  Neg. p = 0.0676  |
|      1014      |       1        |        2.977   |        0.000   |       17.286   |  Neg. p = 0.0000  |
|      1015      |       1        |        2.029   |        0.000   |       14.502   |  Neg. p = 0.0001  |
|      1016      |       1        |        2.282   |        0.000   |       15.693   |  Neg. p = 0.0001  |
|      1018      |       1        |        0.997   |        0.000   |        5.780   |  Neg. p = 0.0162  |
|      1019      |       1        |        3.112   |        0.000   |       12.437   |  Neg. p = 0.0004  |
|      1020      |       1        |        1.780   |        0.000   |       12.706   |  Neg. p = 0.0004  |
|      1021      |       1        |        0.806   |        0.000   |        5.138   |  Neg. p = 0.0234  |
|      1022      |       1        |        1.910   |        0.000   |       12.244   |  Neg. p = 0.0005  |
|      1023      |       1        |        0.975   |        0.000   |        7.620   |  Neg. p = 0.0058  |
|      1025      |       1        |        1.012   |        0.000   |        7.727   |  Neg. p = 0.0054  |
|      1026      |       1        |        1.705   |        0.000   |        6.954   |  Neg. p = 0.0084  |
|      1027      |       1        |        0.638   |        0.000   |        3.295   |  Neg. p = 0.0695  |
|      1028      |       1        |        1.050   |        0.000   |        5.120   |  Neg. p = 0.0236  |
|      1029      |       1        |        1.065   |        0.000   |        5.075   |  Neg. p = 0.0243  |
|      1030      |       1        |        1.623   |        0.000   |        6.262   |  Neg. p = 0.0123  |
|      1031      |       1        |        1.648   |        0.000   |        5.035   |  Neg. p = 0.0248  |
|      1033      |       1        |        2.035   |        0.325   |        3.087   |  Neg. p = 0.0789  |
|      1034      |       1        |        1.315   |        0.000   |        4.675   |  Neg. p = 0.0306  |
|      1035      |       1        |        1.331   |        0.000   |        5.448   |  Neg. p = 0.0196  |
|      1036      |       1        |        1.265   |        0.000   |        4.577   |  Neg. p = 0.0324  |
|      1037      |       1        |        0.985   |        0.000   |        4.328   |  Neg. p = 0.0375  |
|      1038      |       1        |        4.320   |        0.000   |       10.814   |  Neg. p = 0.0010  |
|      1039      |       1        |        0.892   |        0.000   |        3.766   |  Neg. p = 0.0523  |
|      1040      |       1        |        1.100   |        0.000   |        4.821   |  Neg. p = 0.0281  |
|      1041      |       1        |        0.651   |        0.000   |        2.994   |  Neg. p = 0.0836  |
|      1043      |       1        |        1.489   |        0.000   |        5.126   |  Neg. p = 0.0236  |
|      1044      |       1        |        1.021   |        0.000   |        4.216   |  Neg. p = 0.0400  |
|      1045      |       1        |        1.415   |        0.000   |        4.439   |  Neg. p = 0.0351  |
|      1046      |       1        |        3.562   |        0.000   |        9.588   |  Neg. p = 0.0020  |
|      1047      |       1        |        2.983   |        0.000   |        8.059   |  Neg. p = 0.0045  |
|      1048      |       1        |        1.263   |        0.000   |        4.670   |  Neg. p = 0.0307  |
|      1049      |       1        |        0.935   |        0.000   |        3.484   |  Neg. p = 0.0620  |
|      1052      |       1        |        0.736   |        0.000   |        3.180   |  Neg. p = 0.0745  |
|      1053      |       1        |        0.797   |        0.000   |        3.847   |  Neg. p = 0.0498  |
|      1054      |       1        |        2.515   |        0.000   |        7.938   |  Neg. p = 0.0048  |
|      1055      |       1        |        1.737   |        0.000   |        6.527   |  Neg. p = 0.0106  |
|      1057      |       1        |        1.856   |        0.000   |        6.594   |  Neg. p = 0.0102  |
|      1058      |       1        |        1.418   |        0.000   |        6.221   |  Neg. p = 0.0126  |
|      1059      |       1        |        0.979   |        0.000   |        3.830   |  Neg. p = 0.0503  |
|      1063      |       1        |        0.970   |        0.000   |        4.556   |  Neg. p = 0.0328  |
|      1064      |       1        |        1.869   |        0.000   |        7.123   |  Neg. p = 0.0076  |
|      1065      |       1        |        1.975   |        0.000   |        5.927   |  Neg. p = 0.0149  |
|      1066      |       1        |        2.989   |        0.000   |       11.378   |  Neg. p = 0.0007  |
|      1068      |       1        |        0.692   |        0.000   |        3.233   |  Neg. p = 0.0721  |
|      1069      |       1        |        1.191   |        0.000   |        5.228   |  Neg. p = 0.0222  |
|      1070      |       1        |        0.839   |        0.000   |        3.671   |  Neg. p = 0.0554  |
|      1071      |       1        |        1.442   |        0.000   |        6.097   |  Neg. p = 0.0135  |
|      1073      |       1        |        1.015   |        0.000   |        4.477   |  Neg. p = 0.0343  |
|      1074      |       1        |        1.322   |        0.000   |        3.817   |  Neg. p = 0.0507  |
|      1075      |       1        |        1.698   |        0.000   |        6.659   |  Neg. p = 0.0099  |
|      1076      |       1        |        1.417   |        0.000   |        5.164   |  Neg. p = 0.0231  |
|      1077      |       1        |        1.847   |        0.000   |        5.537   |  Neg. p = 0.0186  |
|      1078      |       1        |        1.489   |        0.000   |        6.153   |  Neg. p = 0.0131  |
|      1085      |       1        |        1.073   |        0.000   |        5.154   |  Neg. p = 0.0232  |
|      1086      |       1        |        1.159   |        0.000   |        5.665   |  Neg. p = 0.0173  |
|      1087      |       1        |        1.353   |        0.000   |        5.791   |  Neg. p = 0.0161  |
|      1090      |       1        |        1.014   |        0.000   |        4.699   |  Neg. p = 0.0302  |
|      1095      |       1        |        1.165   |        0.000   |        5.294   |  Neg. p = 0.0214  |
|      1096      |       1        |        0.921   |        0.000   |        3.680   |  Neg. p = 0.0551  |
|      1097      |       1        |        1.012   |        0.000   |        3.345   |  Neg. p = 0.0674  |
|      1098      |       1        |        1.058   |        0.000   |        4.920   |  Neg. p = 0.0266  |
|      1099      |       1        |        1.095   |        0.000   |        4.456   |  Neg. p = 0.0348  |
|      1101      |       1        |        1.860   |        0.000   |        8.681   |  Neg. p = 0.0032  |
|      1102      |       1        |        0.947   |        0.000   |        4.987   |  Neg. p = 0.0255  |
|      1104      |       1        |        1.159   |        0.000   |        4.972   |  Neg. p = 0.0258  |
|      1105      |       1        |        1.700   |        0.000   |        4.891   |  Neg. p = 0.0270  |
|      1106      |       1        |        1.130   |        0.000   |        4.904   |  Neg. p = 0.0268  |
|      1107      |       1        |        1.540   |        0.000   |        5.749   |  Neg. p = 0.0165  |
|      1108      |       1        |        5.127   |        0.000   |        9.310   |  Neg. p = 0.0023  |
|      1110      |       1        |        1.421   |        0.000   |        4.849   |  Neg. p = 0.0277  |
|      1113      |       1        |        0.810   |        0.000   |        3.311   |  Neg. p = 0.0688  |
|      1114      |       1        |        1.419   |        0.000   |        5.647   |  Neg. p = 0.0175  |
|      1118      |       1        |        1.529   |        0.000   |        5.436   |  Neg. p = 0.0197  |
|      1119      |       1        |        0.661   |        0.000   |        3.881   |  Neg. p = 0.0488  |
|      1120      |       1        |        0.586   |        0.000   |        2.932   |  Neg. p = 0.0868  |
|      1121      |       1        |        1.881   |        0.284   |        3.341   |  Neg. p = 0.0676  |
|      1122      |       1        |        1.113   |        0.000   |        4.959   |  Neg. p = 0.0260  |
|      1123      |       1        |        0.852   |        0.000   |        3.765   |  Neg. p = 0.0523  |
|      1124      |       1        |        1.598   |        0.000   |        6.427   |  Neg. p = 0.0112  |
|      1125      |       1        |        2.067   |        0.289   |        3.304   |  Neg. p = 0.0691  |
|      1126      |       1        |        1.365   |        0.000   |        5.370   |  Neg. p = 0.0205  |
|      1127      |       1        |        2.933   |        0.000   |        8.359   |  Neg. p = 0.0038  |
|      1129      |       1        |        2.332   |        0.000   |        7.314   |  Neg. p = 0.0068  |
|      1130      |       1        |        2.458   |        0.000   |        6.603   |  Neg. p = 0.0102  |
|      1131      |       1        |        1.390   |        0.000   |        6.770   |  Neg. p = 0.0093  |
|      1132      |       1        |        1.315   |        0.000   |        6.189   |  Neg. p = 0.0129  |
|      1134      |       1        |        0.713   |        0.000   |        3.310   |  Neg. p = 0.0688  |
|      1135      |       1        |        1.133   |        0.000   |        5.661   |  Neg. p = 0.0173  |
|      1137      |       1        |        1.055   |        0.000   |        4.222   |  Neg. p = 0.0399  |
|      1139      |       1        |        1.085   |        0.000   |        4.460   |  Neg. p = 0.0347  |

### ** Found _1_ sites under pervasive positive diversifying and _820_ sites under negative selection at p <= 0.1**
